Archive member included to satisfy reference by file (symbol)

C:/Program Files/SEGGER/SEGGER Embedded Studio for ARM 3.40/lib/libc_v7em_fpv4_sp_d16_hard_t_le_eabi.a(libc2.o)
                              Output/gfx_pca10040 Debug/Obj/nrf_gfx.o (abs)
C:/Program Files/SEGGER/SEGGER Embedded Studio for ARM 3.40/lib/libc_v7em_fpv4_sp_d16_hard_t_le_eabi.a(libc2_asm.o)
                              Output/gfx_pca10040 Debug/Obj/nrf_log_frontend.o (memcpy)
C:/Program Files/SEGGER/SEGGER Embedded Studio for ARM 3.40/lib/libc_v7em_fpv4_sp_d16_hard_t_le_eabi.a(libc.o)
                              C:/Program Files/SEGGER/SEGGER Embedded Studio for ARM 3.40/lib/libc_v7em_fpv4_sp_d16_hard_t_le_eabi.a(libc2.o) (__heap_lock)
C:/Program Files/SEGGER/SEGGER Embedded Studio for ARM 3.40/lib/libc_v7em_fpv4_sp_d16_hard_t_le_eabi.a(libc_asm.o)
                              C:/Program Files/SEGGER/SEGGER Embedded Studio for ARM 3.40/lib/libc_v7em_fpv4_sp_d16_hard_t_le_eabi.a(libc2.o) (__aeabi_uldivmod)
C:/Program Files/SEGGER/SEGGER Embedded Studio for ARM 3.40/lib/libdebugio_v7em_fpv4_sp_d16_hard_t_le_eabi.a(libdebugio.o)
                              Output/gfx_pca10040 Debug/Obj/thumb_crt0.o (debug_fopen)
C:/Program Files/SEGGER/SEGGER Embedded Studio for ARM 3.40/lib/libdebugio_mempoll_v7em_fpv4_sp_d16_hard_t_le_eabi.a(mempoll_debug_operations.o)
                              C:/Program Files/SEGGER/SEGGER Embedded Studio for ARM 3.40/lib/libdebugio_v7em_fpv4_sp_d16_hard_t_le_eabi.a(libdebugio.o) (__do_debug_operation)
C:/Program Files/SEGGER/SEGGER Embedded Studio for ARM 3.40/lib/libdebugio_mempoll_v7em_fpv4_sp_d16_hard_t_le_eabi.a(do_nv_debug_operation.o)
                              C:/Program Files/SEGGER/SEGGER Embedded Studio for ARM 3.40/lib/libdebugio_v7em_fpv4_sp_d16_hard_t_le_eabi.a(libdebugio.o) (__do_nvdebug_operation)
C:/Program Files/SEGGER/SEGGER Embedded Studio for ARM 3.40/lib/libm_v7em_fpv4_sp_d16_hard_t_le_eabi.a(libm_asm.o)
                              C:/Program Files/SEGGER/SEGGER Embedded Studio for ARM 3.40/lib/libc_v7em_fpv4_sp_d16_hard_t_le_eabi.a(libc2.o) (__aeabi_i2d)
C:/Program Files/SEGGER/SEGGER Embedded Studio for ARM 3.40/lib/libm_v7em_fpv4_sp_d16_hard_t_le_eabi.a(libm2.o)
                              C:/Program Files/SEGGER/SEGGER Embedded Studio for ARM 3.40/lib/libvfprintf_v7em_fpv4_sp_d16_hard_t_le_eabi.o (frexp)
C:/Program Files/SEGGER/SEGGER Embedded Studio for ARM 3.40/lib/libm_v7em_fpv4_sp_d16_hard_t_le_eabi.a(libm2_asm.o)
                              C:/Program Files/SEGGER/SEGGER Embedded Studio for ARM 3.40/lib/libm_v7em_fpv4_sp_d16_hard_t_le_eabi.a(libm2.o) (fabs)

Discarded input sections

 .text          0x0000000000000000        0x0 Output/gfx_pca10040 Debug/Obj/thumb_crt0.o
 .data          0x0000000000000000        0x0 Output/gfx_pca10040 Debug/Obj/thumb_crt0.o
 .bss           0x0000000000000000        0x0 Output/gfx_pca10040 Debug/Obj/thumb_crt0.o
 .text.__aeabi_read_tp
                0x0000000000000000        0x8 Output/gfx_pca10040 Debug/Obj/thumb_crt0.o
 .text.abort    0x0000000000000000        0x2 Output/gfx_pca10040 Debug/Obj/thumb_crt0.o
 .text.__assert
                0x0000000000000000        0x2 Output/gfx_pca10040 Debug/Obj/thumb_crt0.o
 .text.__aeabi_assert
                0x0000000000000000        0x2 Output/gfx_pca10040 Debug/Obj/thumb_crt0.o
 .text.__sync_synchronize
                0x0000000000000000        0x2 Output/gfx_pca10040 Debug/Obj/thumb_crt0.o
 .text.__getchar
                0x0000000000000000        0x4 Output/gfx_pca10040 Debug/Obj/thumb_crt0.o
 .text.__putchar
                0x0000000000000000        0x4 Output/gfx_pca10040 Debug/Obj/thumb_crt0.o
 .text.__open   0x0000000000000000        0x4 Output/gfx_pca10040 Debug/Obj/thumb_crt0.o
 .text.__close  0x0000000000000000        0x4 Output/gfx_pca10040 Debug/Obj/thumb_crt0.o
 .text.__write  0x0000000000000000        0xa Output/gfx_pca10040 Debug/Obj/thumb_crt0.o
 .text.__read   0x0000000000000000        0xa Output/gfx_pca10040 Debug/Obj/thumb_crt0.o
 .text.__seek   0x0000000000000000       0x1a Output/gfx_pca10040 Debug/Obj/thumb_crt0.o
 .bss.__user_locale_name_buffer
                0x0000000000000000        0x4 Output/gfx_pca10040 Debug/Obj/thumb_crt0.o
 .stack         0x0000000000000000        0x0 Output/gfx_pca10040 Debug/Obj/thumb_crt0.o
 .stack_process
                0x0000000000000000        0x0 Output/gfx_pca10040 Debug/Obj/thumb_crt0.o
 .heap          0x0000000000000000        0x0 Output/gfx_pca10040 Debug/Obj/thumb_crt0.o
 .group         0x0000000000000000        0xc Output/gfx_pca10040 Debug/Obj/st7789.o
 .group         0x0000000000000000        0xc Output/gfx_pca10040 Debug/Obj/st7789.o
 .group         0x0000000000000000        0xc Output/gfx_pca10040 Debug/Obj/st7789.o
 .group         0x0000000000000000        0xc Output/gfx_pca10040 Debug/Obj/st7789.o
 .group         0x0000000000000000        0xc Output/gfx_pca10040 Debug/Obj/st7789.o
[...]
Memory Configuration

Name             Origin             Length             Attributes
UNPLACED_SECTIONS 0x0000000100000000 0x0000000000000000 xw
RAM              0x0000000020000000 0x0000000000010000 xw
FLASH            0x0000000000000000 0x0000000000080000 xw
*default*        0x0000000000000000 0xffffffffffffffff

Linker script and memory map

                0x0000000000006930                __vfprintf = __vfprintf_long
                0x0000000000000000                __vfscanf = __vfscanf_int
                0x0000000020000000                __RAM_segment_start__ = 0x20000000
                0x0000000020010000                __RAM_segment_end__ = 0x20010000
                0x0000000000010000                __RAM_segment_size__ = 0x10000
                0x0000000000000000                __FLASH_segment_start__ = 0x0
                0x0000000000080000                __FLASH_segment_end__ = 0x80000
                0x0000000000080000                __FLASH_segment_size__ = 0x80000
                0x0000000000000200                __HEAPSIZE__ = 0x200
                0x0000000000000000                __STACKSIZE_PROCESS__ = 0x0
                0x0000000000000800                __STACKSIZE__ = 0x800
                0x0000000020000000                __vectors_ram_load_start__ = 0x20000000

.vectors_ram    0x0000000020000000        0x0
                0x0000000020000000                __vectors_ram_start__ = .
                0x0000000020000000                __app_ram_start__ = __vectors_ram_start__
 *(.vectors_ram .vectors_ram.*)
                0x0000000020000000                __vectors_ram_end__ = (__vectors_ram_start__ + SIZEOF (.vectors_ram))
                0x0000000000000000                __vectors_ram_size__ = SIZEOF (.vectors_ram)
                0x0000000020000000                __vectors_ram_load_end__ = __vectors_ram_end__
                0x0000000000000001                . = ASSERT (((__vectors_ram_start__ == __vectors_ram_end__) || ((__vectors_ram_end__ >= __RAM_segment_start__) && (__vectors_ram_end__ <= __RAM_segment_end__))), error: .vectors_ram is too large to fit in RAM memory segment)
                0x0000000020000000                __nrf_sections_run_load_start__ = ALIGN (__vectors_ram_end__, 0x4)

.nrf_sections_run
                0x0000000020000000        0x0
                0x0000000020000000                __nrf_sections_run_start__ = .
                0x0000000020000000                __start_nrf_sections_run = __nrf_sections_run_start__
 *(.nrf_sections_run .nrf_sections_run.*)
                0x0000000020000000                __nrf_sections_run_end__ = (__nrf_sections_run_start__ + SIZEOF (.nrf_sections_run))
                0x0000000000000000                __nrf_sections_run_size__ = SIZEOF (.nrf_sections_run)
                0x0000000020000000                __nrf_sections_run_load_end__ = __nrf_sections_run_end__
                0x0000000000000001                . = ASSERT (((__nrf_sections_run_start__ == __nrf_sections_run_end__) || ((__nrf_sections_run_end__ >= __RAM_segment_start__) && (__nrf_sections_run_end__ <= __RAM_segment_end__))), error: .nrf_sections_run is too large to fit in RAM memory segment)
                0x0000000000000000                __vectors_load_start__ = 0x0

.vectors        0x0000000000000000       0xdc
                0x0000000000000000                __vectors_start__ = .
 *(.vectors .vectors.*)
 .vectors       0x0000000000000000       0xdc Output/gfx_pca10040 Debug/Obj/ses_nrf52_Vectors.o
                0x0000000000000000                _vectors
                0x00000000000000dc                __vectors_end__ = (__vectors_start__ + SIZEOF (.vectors))
                0x00000000000000dc                __vectors_size__ = SIZEOF (.vectors)
                0x00000000000000dc                __vectors_load_end__ = __vectors_end__
                0x0000000000000001                . = ASSERT (((__vectors_start__ == __vectors_end__) || ((__vectors_end__ >= __FLASH_segment_start__) && (__vectors_end__ <= __FLASH_segment_end__))), error: .vectors is too large to fit in FLASH memory segment)
                0x00000000000000dc                __init_load_start__ = ALIGN (__vectors_end__, 0x4)

.init           0x00000000000000dc      0x218
                0x00000000000000dc                __init_start__ = .
 *(.init .init.*)
 .init          0x00000000000000dc      0x160 Output/gfx_pca10040 Debug/Obj/thumb_crt0.o
                0x00000000000000dc                _start
                0x0000000000000192                exit
 .init          0x000000000000023c       0x58 Output/gfx_pca10040 Debug/Obj/ses_nRF_Startup.o
                0x000000000000023c                Reset_Handler
                0x0000000000000260                InitializeUserMemorySections
 .init          0x0000000000000294       0x60 Output/gfx_pca10040 Debug/Obj/ses_nrf52_Vectors.o
                0x0000000000000294                NMI_Handler
                0x0000000000000296                HardFault_Handler
                0x0000000000000298                MemoryManagement_Handler
                0x000000000000029a                BusFault_Handler
                0x000000000000029c                UsageFault_Handler
                0x000000000000029e                SVC_Handler
                0x00000000000002a0                DebugMon_Handler
                0x00000000000002a2                PendSV_Handler
                0x00000000000002a4                SysTick_Handler
                0x00000000000002aa                RADIO_IRQHandler
                0x00000000000002b0                SPIM1_SPIS1_TWIM1_TWIS1_SPI1_TWI1_IRQHandler
                0x00000000000002b2                NFCT_IRQHandler
                0x00000000000002b6                SAADC_IRQHandler
                0x00000000000002be                RTC0_IRQHandler
                0x00000000000002c0                TEMP_IRQHandler
                0x00000000000002c2                RNG_IRQHandler
                0x00000000000002c4                ECB_IRQHandler
                0x00000000000002c6                CCM_AAR_IRQHandler
                0x00000000000002c8                WDT_IRQHandler
                0x00000000000002ca                RTC1_IRQHandler
                0x00000000000002cc                QDEC_IRQHandler
                0x00000000000002ce                COMP_LPCOMP_IRQHandler
                0x00000000000002d0                SWI0_EGU0_IRQHandler
                0x00000000000002d2                SWI1_EGU1_IRQHandler
                0x00000000000002d4                SWI2_EGU2_IRQHandler
                0x00000000000002d6                SWI3_EGU3_IRQHandler
                0x00000000000002d8                SWI4_EGU4_IRQHandler
                0x00000000000002da                SWI5_EGU5_IRQHandler
                0x00000000000002e0                PWM0_IRQHandler
                0x00000000000002e2                PDM_IRQHandler
                0x00000000000002e4                MWU_IRQHandler
                0x00000000000002e6                PWM1_IRQHandler
                0x00000000000002e8                PWM2_IRQHandler
                0x00000000000002ea                SPIM2_SPIS2_SPI2_IRQHandler
                0x00000000000002ec                RTC2_IRQHandler
                0x00000000000002ee                I2S_IRQHandler
                0x00000000000002f0                FPU_IRQHandler
                0x00000000000002f4                __init_end__ = (__init_start__ + SIZEOF (.init))
                0x0000000000000218                __init_size__ = SIZEOF (.init)
                0x00000000000002f4                __init_load_end__ = __init_end__
                0x0000000000000001                . = ASSERT (((__init_start__ == __init_end__) || ((__init_end__ >= __FLASH_segment_start__) && (__init_end__ <= __FLASH_segment_end__))), error: .init is too large to fit in FLASH memory segment)
                0x00000000000002f4                __init_rodata_load_start__ = ALIGN (__init_end__, 0x4)

.init_rodata    0x00000000000002f4        0x0
                0x00000000000002f4                __init_rodata_start__ = .
 *(.init_rodata .init_rodata.*)
                0x00000000000002f4                __init_rodata_end__ = (__init_rodata_start__ + SIZEOF (.init_rodata))
                0x0000000000000000                __init_rodata_size__ = SIZEOF (.init_rodata)
                0x00000000000002f4                __init_rodata_load_end__ = __init_rodata_end__
                0x0000000000000001                . = ASSERT (((__init_rodata_start__ == __init_rodata_end__) || ((__init_rodata_end__ >= __FLASH_segment_start__) && (__init_rodata_end__ <= __FLASH_segment_end__))), error: .init_rodata is too large to fit in FLASH memory segment)
                0x00000000000002f4                __text_load_start__ = ALIGN (__init_rodata_end__, 0x4)

.text           0x00000000000002f4     0x6d6c
                0x00000000000002f4                __text_start__ = .
 *(.text .text.* .glue_7t .glue_7 .gnu.linkonce.t.* .gcc_except_table .ARM.extab* .gnu.linkonce.armextab.*)
 .glue_7        0x00000000000002f4        0x0 linker stubs
 .glue_7t       0x00000000000002f4        0x0 linker stubs
 .text.nrf_delay_us
                0x00000000000002f4       0xa0 Output/gfx_pca10040 Debug/Obj/st7789.o
 .text.nrf_delay_ms
                0x0000000000000394       0x1e Output/gfx_pca10040 Debug/Obj/st7789.o
 *fill*         0x00000000000003b2        0x2 
 .text.nrf_gpio_pin_port_decode
                0x00000000000003b4       0x28 Output/gfx_pca10040 Debug/Obj/st7789.o
 .text.nrf_gpio_cfg
                0x00000000000003dc       0x62 Output/gfx_pca10040 Debug/Obj/st7789.o
 .text.nrf_gpio_cfg_output
                0x000000000000043e       0x22 Output/gfx_pca10040 Debug/Obj/st7789.o
 .text.nrf_gpio_pin_set
                0x0000000000000460       0x28 Output/gfx_pca10040 Debug/Obj/st7789.o
 .text.nrf_gpio_pin_clear
                0x0000000000000488       0x28 Output/gfx_pca10040 Debug/Obj/st7789.o
 .text.nrf_gpio_port_out_set
                0x00000000000004b0       0x14 Output/gfx_pca10040 Debug/Obj/st7789.o
 .text.nrf_gpio_port_out_clear
                0x00000000000004c4       0x14 Output/gfx_pca10040 Debug/Obj/st7789.o
 .text.spi_write
                0x00000000000004d8       0x58 Output/gfx_pca10040 Debug/Obj/st7789.o
 .text.write_command
                0x0000000000000530       0x24 Output/gfx_pca10040 Debug/Obj/st7789.o
 .text.write_data
                0x0000000000000554       0x24 Output/gfx_pca10040 Debug/Obj/st7789.o
 .text.write_data_buffered
                0x0000000000000578       0x26 Output/gfx_pca10040 Debug/Obj/st7789.o
 *fill*         0x000000000000059e        0x2 
 .text.set_addr_window
                0x00000000000005a0       0xd8 Output/gfx_pca10040 Debug/Obj/st7789.o
 .text.command_list
                0x0000000000000678      0x102 Output/gfx_pca10040 Debug/Obj/st7789.o
 *fill*         0x000000000000077a        0x2 
 .text.fast_hardware_init
                0x000000000000077c       0x70 Output/gfx_pca10040 Debug/Obj/st7789.o
 .text.st7789_init
                0x00000000000007ec       0x22 Output/gfx_pca10040 Debug/Obj/st7789.o
 *fill*         0x000000000000080e        0x2 
 .text.st7789_uninit
                0x0000000000000810       0x10 Output/gfx_pca10040 Debug/Obj/st7789.o
 .text.st7789_pixel_draw
                0x0000000000000820       0x4a Output/gfx_pca10040 Debug/Obj/st7789.o
 *fill*         0x000000000000086a        0x2 
 .text.st7789_rect_draw
                0x000000000000086c      0x134 Output/gfx_pca10040 Debug/Obj/st7789.o
 .text.st7789_dummy_display
                0x00000000000009a0       0x5c Output/gfx_pca10040 Debug/Obj/st7789.o
 .text.st7789_rotation_set
                0x00000000000009fc       0x60 Output/gfx_pca10040 Debug/Obj/st7789.o
 .text.st7789_display_invert
                0x0000000000000a5c       0x26 Output/gfx_pca10040 Debug/Obj/st7789.o
 .text.nrf_log_default_backends_init
                0x0000000000000a82        0xe Output/gfx_pca10040 Debug/Obj/nrf_log_default_backends.o
                0x0000000000000a82                nrf_log_default_backends_init
 .text.nrf_log_backend_put
                0x0000000000000a90       0x1c Output/gfx_pca10040 Debug/Obj/nrf_log_frontend.o
 .text.nrf_log_backend_panic_set
                0x0000000000000aac       0x18 Output/gfx_pca10040 Debug/Obj/nrf_log_frontend.o
 .text.nrf_log_backend_enable
                0x0000000000000ac4       0x10 Output/gfx_pca10040 Debug/Obj/nrf_log_frontend.o
 .text.nrf_log_backend_is_enabled
                0x0000000000000ad4        0xe Output/gfx_pca10040 Debug/Obj/nrf_log_frontend.o
 .text.nrf_atomic_u32_or
                0x0000000000000ae2       0x30 Output/gfx_pca10040 Debug/Obj/nrf_log_frontend.o
 .text.nrf_atomic_u32_fetch_and
                0x0000000000000b12       0x30 Output/gfx_pca10040 Debug/Obj/nrf_log_frontend.o
 .text.nrf_atomic_flag_set
                0x0000000000000b42       0x18 Output/gfx_pca10040 Debug/Obj/nrf_log_frontend.o
 .text.nrf_atomic_flag_clear_fetch
                0x0000000000000b5a       0x18 Output/gfx_pca10040 Debug/Obj/nrf_log_frontend.o
 *fill*         0x0000000000000b72        0x2 
 .text.nrf_log_init
                0x0000000000000b74       0x98 Output/gfx_pca10040 Debug/Obj/nrf_log_frontend.o
                0x0000000000000b74                nrf_log_init
 .text.nrf_log_module_cnt_get
                0x0000000000000c0c       0x14 Output/gfx_pca10040 Debug/Obj/nrf_log_frontend.o
                0x0000000000000c0c                nrf_log_module_cnt_get
 .text.log_skip
                0x0000000000000c20      0x11c Output/gfx_pca10040 Debug/Obj/nrf_log_frontend.o
 .text.std_header_set
                0x0000000000000d3c       0xb8 Output/gfx_pca10040 Debug/Obj/nrf_log_frontend.o
 .text.buf_prealloc
                0x0000000000000df4       0xa8 Output/gfx_pca10040 Debug/Obj/nrf_log_frontend.o
 .text.std_n    0x0000000000000e9c       0x90 Output/gfx_pca10040 Debug/Obj/nrf_log_frontend.o
 .text.nrf_log_frontend_std_1
                0x0000000000000f2c       0x22 Output/gfx_pca10040 Debug/Obj/nrf_log_frontend.o
                0x0000000000000f2c                nrf_log_frontend_std_1
 .text.nrf_log_frontend_std_2
                0x0000000000000f4e       0x28 Output/gfx_pca10040 Debug/Obj/nrf_log_frontend.o
                0x0000000000000f4e                nrf_log_frontend_std_2
 .text.nrf_log_frontend_std_4
                0x0000000000000f76       0x30 Output/gfx_pca10040 Debug/Obj/nrf_log_frontend.o
                0x0000000000000f76                nrf_log_frontend_std_4
 *fill*         0x0000000000000fa6        0x2 
 .text.buffer_is_empty
                0x0000000000000fa8       0x1c Output/gfx_pca10040 Debug/Obj/nrf_log_frontend.o
                0x0000000000000fa8                buffer_is_empty
 .text.nrf_log_frontend_dequeue
                0x0000000000000fc4      0x378 Output/gfx_pca10040 Debug/Obj/nrf_log_frontend.o
                0x0000000000000fc4                nrf_log_frontend_dequeue
 .text.nrf_log_panic
                0x000000000000133c       0x3c Output/gfx_pca10040 Debug/Obj/nrf_log_frontend.o
                0x000000000000133c                nrf_log_panic
 .text.app_error_handler
                0x0000000000001378       0x30 Output/gfx_pca10040 Debug/Obj/app_error.o
                0x0000000000001378                app_error_handler
 .text.app_error_save_and_stop
                0x00000000000013a8       0x98 Output/gfx_pca10040 Debug/Obj/app_error.o
                0x00000000000013a8                app_error_save_and_stop
 .text.app_error_fault_handler
                0x0000000000001440       0xd0 Output/gfx_pca10040 Debug/Obj/app_error_weak.o
                0x0000000000001440                app_error_fault_handler
 .text.app_util_disable_irq
                0x0000000000001510       0x14 Output/gfx_pca10040 Debug/Obj/app_util_platform.o
                0x0000000000001510                app_util_disable_irq
 .text.app_util_enable_irq
                0x0000000000001524       0x1c Output/gfx_pca10040 Debug/Obj/app_util_platform.o
                0x0000000000001524                app_util_enable_irq
 .text.app_util_critical_region_enter
                0x0000000000001540       0x28 Output/gfx_pca10040 Debug/Obj/app_util_platform.o
                0x0000000000001540                app_util_critical_region_enter
 .text.app_util_critical_region_exit
                0x0000000000001568       0x2c Output/gfx_pca10040 Debug/Obj/app_util_platform.o
                0x0000000000001568                app_util_critical_region_exit
 .text.privilege_level_get
                0x0000000000001594       0x3a Output/gfx_pca10040 Debug/Obj/app_util_platform.o
                0x0000000000001594                privilege_level_get
 .text.assert_nrf_callback
                0x00000000000015ce       0x2e Output/gfx_pca10040 Debug/Obj/nrf_assert.o
                0x00000000000015ce                assert_nrf_callback
 .text.nrf_balloc_idx2block
                0x00000000000015fc       0x38 Output/gfx_pca10040 Debug/Obj/nrf_balloc.o
 .text.nrf_balloc_block2idx
                0x0000000000001634       0x34 Output/gfx_pca10040 Debug/Obj/nrf_balloc.o
 .text.nrf_balloc_init
                0x0000000000001668       0xb0 Output/gfx_pca10040 Debug/Obj/nrf_balloc.o
                0x0000000000001668                nrf_balloc_init
 .text.nrf_balloc_alloc
                0x0000000000001718       0x84 Output/gfx_pca10040 Debug/Obj/nrf_balloc.o
                0x0000000000001718                nrf_balloc_alloc
 .text.nrf_balloc_free
                0x000000000000179c       0x58 Output/gfx_pca10040 Debug/Obj/nrf_balloc.o
                0x000000000000179c                nrf_balloc_free
 .text.pixel_draw
                0x00000000000017f4       0x5e Output/gfx_pca10040 Debug/Obj/nrf_gfx.o
 .text.rect_draw
                0x0000000000001852       0xb2 Output/gfx_pca10040 Debug/Obj/nrf_gfx.o
 .text.line_draw
                0x0000000000001904      0x1aa Output/gfx_pca10040 Debug/Obj/nrf_gfx.o
 .text.write_character
                0x0000000000001aae      0x150 Output/gfx_pca10040 Debug/Obj/nrf_gfx.o
 *fill*         0x0000000000001bfe        0x2 
 .text.nrf_gfx_init
                0x0000000000001c00       0xcc Output/gfx_pca10040 Debug/Obj/nrf_gfx.o
                0x0000000000001c00                nrf_gfx_init
 .text.nrf_gfx_line_draw
                0x0000000000001ccc      0x238 Output/gfx_pca10040 Debug/Obj/nrf_gfx.o
                0x0000000000001ccc                nrf_gfx_line_draw
 .text.nrf_gfx_display
                0x0000000000001f04       0x54 Output/gfx_pca10040 Debug/Obj/nrf_gfx.o
                0x0000000000001f04                nrf_gfx_display
 .text.nrf_gfx_rotation_set
                0x0000000000001f58      0x12c Output/gfx_pca10040 Debug/Obj/nrf_gfx.o
                0x0000000000001f58                nrf_gfx_rotation_set
 .text.nrf_gfx_print
                0x0000000000002084      0x1c4 Output/gfx_pca10040 Debug/Obj/nrf_gfx.o
                0x0000000000002084                nrf_gfx_print
 .text.nrf_gfx_height_get
                0x0000000000002248       0x28 Output/gfx_pca10040 Debug/Obj/nrf_gfx.o
                0x0000000000002248                nrf_gfx_height_get
 .text.nrf_gfx_width_get
                0x0000000000002270       0x28 Output/gfx_pca10040 Debug/Obj/nrf_gfx.o
                0x0000000000002270                nrf_gfx_width_get
 .text.write_character_fast
                0x0000000000002298      0x1c6 Output/gfx_pca10040 Debug/Obj/nrf_gfx.o
 *fill*         0x000000000000245e        0x2 
 .text.nrf_gfx_print_fast
                0x0000000000002460      0x1d0 Output/gfx_pca10040 Debug/Obj/nrf_gfx.o
                0x0000000000002460                nrf_gfx_print_fast
 .text.nrf_gfx_bmp565_draw_big_endian
                0x0000000000002630      0x144 Output/gfx_pca10040 Debug/Obj/nrf_gfx.o
                0x0000000000002630                nrf_gfx_bmp565_draw_big_endian
 .text.nrf_atomic_u32_add
                0x0000000000002774       0x30 Output/gfx_pca10040 Debug/Obj/nrf_memobj.o
 .text.nrf_atomic_u32_sub
                0x00000000000027a4       0x30 Output/gfx_pca10040 Debug/Obj/nrf_memobj.o
 .text.nrf_memobj_pool_init
                0x00000000000027d4       0x16 Output/gfx_pca10040 Debug/Obj/nrf_memobj.o
                0x00000000000027d4                nrf_memobj_pool_init
 .text.nrf_memobj_alloc
                0x00000000000027ea       0xae Output/gfx_pca10040 Debug/Obj/nrf_memobj.o
                0x00000000000027ea                nrf_memobj_alloc
 .text.nrf_memobj_free
                0x0000000000002898       0x72 Output/gfx_pca10040 Debug/Obj/nrf_memobj.o
                0x0000000000002898                nrf_memobj_free
 .text.nrf_memobj_get
                0x000000000000290a       0x1e Output/gfx_pca10040 Debug/Obj/nrf_memobj.o
                0x000000000000290a                nrf_memobj_get
 .text.nrf_memobj_put
                0x0000000000002928       0x34 Output/gfx_pca10040 Debug/Obj/nrf_memobj.o
                0x0000000000002928                nrf_memobj_put
 .text.memobj_op
                0x000000000000295c      0x100 Output/gfx_pca10040 Debug/Obj/nrf_memobj.o
 .text.nrf_memobj_write
                0x0000000000002a5c       0x24 Output/gfx_pca10040 Debug/Obj/nrf_memobj.o
                0x0000000000002a5c                nrf_memobj_write
 .text.nrf_strerror_get
                0x0000000000002a80       0x28 Output/gfx_pca10040 Debug/Obj/nrf_strerror.o
                0x0000000000002a80                nrf_strerror_get
 .text.nrf_strerror_find
                0x0000000000002aa8       0x68 Output/gfx_pca10040 Debug/Obj/nrf_strerror.o
                0x0000000000002aa8                nrf_strerror_find
 .text.nrf_clock_int_disable
                0x0000000000002b10       0x14 Output/gfx_pca10040 Debug/Obj/nrf_drv_clock.o
 .text.nrf_clock_event_clear
                0x0000000000002b24       0x28 Output/gfx_pca10040 Debug/Obj/nrf_drv_clock.o
 .text.nrf_clock_event_check
                0x0000000000002b4c       0x22 Output/gfx_pca10040 Debug/Obj/nrf_drv_clock.o
 .text.item_dequeue
                0x0000000000002b6e       0x20 Output/gfx_pca10040 Debug/Obj/nrf_drv_clock.o
 *fill*         0x0000000000002b8e        0x2 
 .text.clock_clk_started_notify
                0x0000000000002b90       0x4c Output/gfx_pca10040 Debug/Obj/nrf_drv_clock.o
 .text.POWER_CLOCK_IRQHandler
                0x0000000000002bdc       0x5c Output/gfx_pca10040 Debug/Obj/nrf_drv_clock.o
                0x0000000000002bdc                POWER_CLOCK_IRQHandler
 .text.NVIC_EnableIRQ
                0x0000000000002c38       0x2c Output/gfx_pca10040 Debug/Obj/nrf_drv_common.o
 .text.NVIC_ClearPendingIRQ
                0x0000000000002c64       0x30 Output/gfx_pca10040 Debug/Obj/nrf_drv_common.o
 .text.NVIC_SetPriority
                0x0000000000002c94       0x50 Output/gfx_pca10040 Debug/Obj/nrf_drv_common.o
 .text.nrf_drv_common_irq_enable
                0x0000000000002ce4       0x54 Output/gfx_pca10040 Debug/Obj/nrf_drv_common.o
                0x0000000000002ce4                nrf_drv_common_irq_enable
 .text.NVIC_DisableIRQ
                0x0000000000002d38       0x30 Output/gfx_pca10040 Debug/Obj/nrf_drv_spi.o
 .text.nrf_spim_task_trigger
                0x0000000000002d68       0x1c Output/gfx_pca10040 Debug/Obj/nrf_drv_spi.o
 .text.nrf_spim_event_clear
                0x0000000000002d84       0x2a Output/gfx_pca10040 Debug/Obj/nrf_drv_spi.o
 .text.nrf_spim_event_check
                0x0000000000002dae       0x24 Output/gfx_pca10040 Debug/Obj/nrf_drv_spi.o
 .text.nrf_spim_int_enable
                0x0000000000002dd2       0x14 Output/gfx_pca10040 Debug/Obj/nrf_drv_spi.o
 .text.nrf_spim_int_disable
                0x0000000000002de6       0x14 Output/gfx_pca10040 Debug/Obj/nrf_drv_spi.o
 .text.nrf_spim_int_enable_check
                0x0000000000002dfa       0x20 Output/gfx_pca10040 Debug/Obj/nrf_drv_spi.o
 .text.nrf_spim_disable
                0x0000000000002e1a       0x12 Output/gfx_pca10040 Debug/Obj/nrf_drv_spi.o
 .text.nrf_spim_tx_buffer_set
                0x0000000000002e2c       0x24 Output/gfx_pca10040 Debug/Obj/nrf_drv_spi.o
 .text.nrf_spim_rx_buffer_set
                0x0000000000002e50       0x24 Output/gfx_pca10040 Debug/Obj/nrf_drv_spi.o
 .text.nrf_spim_tx_list_enable
                0x0000000000002e74       0x12 Output/gfx_pca10040 Debug/Obj/nrf_drv_spi.o
 .text.nrf_spim_tx_list_disable
                0x0000000000002e86       0x12 Output/gfx_pca10040 Debug/Obj/nrf_drv_spi.o
 .text.nrf_spim_rx_list_enable
                0x0000000000002e98       0x12 Output/gfx_pca10040 Debug/Obj/nrf_drv_spi.o
 .text.nrf_spim_rx_list_disable
                0x0000000000002eaa       0x12 Output/gfx_pca10040 Debug/Obj/nrf_drv_spi.o
 .text.nrf_drv_common_irq_disable
                0x0000000000002ebc       0x1c Output/gfx_pca10040 Debug/Obj/nrf_drv_spi.o
 .text.nrf_drv_is_in_RAM
                0x0000000000002ed8       0x1c Output/gfx_pca10040 Debug/Obj/nrf_drv_spi.o
 .text.nrf_gpio_pin_port_decode
                0x0000000000002ef4       0x28 Output/gfx_pca10040 Debug/Obj/nrf_drv_spi.o
 .text.nrf_gpio_pin_set
                0x0000000000002f1c       0x28 Output/gfx_pca10040 Debug/Obj/nrf_drv_spi.o
 .text.nrf_gpio_pin_clear
                0x0000000000002f44       0x28 Output/gfx_pca10040 Debug/Obj/nrf_drv_spi.o
 .text.nrf_gpio_port_out_set
                0x0000000000002f6c       0x14 Output/gfx_pca10040 Debug/Obj/nrf_drv_spi.o
 .text.nrf_gpio_port_out_clear
                0x0000000000002f80       0x14 Output/gfx_pca10040 Debug/Obj/nrf_drv_spi.o
 .text.nrf_drv_spi_uninit
                0x0000000000002f94       0xb0 Output/gfx_pca10040 Debug/Obj/nrf_drv_spi.o
                0x0000000000002f94                nrf_drv_spi_uninit
 .text.nrf_drv_spi_transfer
                0x0000000000003044       0x3e Output/gfx_pca10040 Debug/Obj/nrf_drv_spi.o
                0x0000000000003044                nrf_drv_spi_transfer
 .text.finish_transfer
                0x0000000000003082       0x3e Output/gfx_pca10040 Debug/Obj/nrf_drv_spi.o
 .text.spim_int_enable
                0x00000000000030c0       0x34 Output/gfx_pca10040 Debug/Obj/nrf_drv_spi.o
 .text.spim_list_enable_handle
                0x00000000000030f4       0x40 Output/gfx_pca10040 Debug/Obj/nrf_drv_spi.o
 .text.spim_xfer
                0x0000000000003134      0x152 Output/gfx_pca10040 Debug/Obj/nrf_drv_spi.o
 *fill*         0x0000000000003286        0x2 
 .text.nrf_drv_spi_xfer
                0x0000000000003288       0xfc Output/gfx_pca10040 Debug/Obj/nrf_drv_spi.o
                0x0000000000003288                nrf_drv_spi_xfer
 .text.irq_handler_spim
                0x0000000000003384       0xd0 Output/gfx_pca10040 Debug/Obj/nrf_drv_spi.o
 .text.SPIM0_SPIS0_TWIM0_TWIS0_SPI0_TWI0_IRQHandler
                0x0000000000003454       0x20 Output/gfx_pca10040 Debug/Obj/nrf_drv_spi.o
                0x0000000000003454                SPIM0_SPIS0_TWIM0_TWIS0_SPI0_TWI0_IRQHandler
 .text.nrf_uart_event_clear
                0x0000000000003474       0x2a Output/gfx_pca10040 Debug/Obj/nrf_drv_uart.o
 .text.nrf_uart_event_check
                0x000000000000349e       0x24 Output/gfx_pca10040 Debug/Obj/nrf_drv_uart.o
 .text.nrf_uart_int_enable_check
                0x00000000000034c2       0x20 Output/gfx_pca10040 Debug/Obj/nrf_drv_uart.o
 .text.nrf_uart_int_disable
                0x00000000000034e2       0x14 Output/gfx_pca10040 Debug/Obj/nrf_drv_uart.o
 .text.nrf_uart_errorsrc_get_and_clear
                0x00000000000034f6       0x1c Output/gfx_pca10040 Debug/Obj/nrf_drv_uart.o
 .text.nrf_uart_rxd_get
                0x0000000000003512       0x12 Output/gfx_pca10040 Debug/Obj/nrf_drv_uart.o
 .text.nrf_uart_txd_set
                0x0000000000003524       0x1a Output/gfx_pca10040 Debug/Obj/nrf_drv_uart.o
 .text.nrf_uart_task_trigger
                0x000000000000353e       0x1c Output/gfx_pca10040 Debug/Obj/nrf_drv_uart.o
 .text.nrf_uarte_event_clear
                0x000000000000355a       0x2a Output/gfx_pca10040 Debug/Obj/nrf_drv_uart.o
 .text.nrf_uarte_event_check
                0x0000000000003584       0x24 Output/gfx_pca10040 Debug/Obj/nrf_drv_uart.o
 .text.nrf_uarte_shorts_disable
                0x00000000000035a8       0x1e Output/gfx_pca10040 Debug/Obj/nrf_drv_uart.o
 .text.nrf_uarte_errorsrc_get_and_clear
                0x00000000000035c6       0x1c Output/gfx_pca10040 Debug/Obj/nrf_drv_uart.o
 .text.nrf_uarte_tx_amount_get
                0x00000000000035e2       0x10 Output/gfx_pca10040 Debug/Obj/nrf_drv_uart.o
 .text.nrf_uarte_rx_amount_get
                0x00000000000035f2       0x10 Output/gfx_pca10040 Debug/Obj/nrf_drv_uart.o
 .text.tx_byte  0x0000000000003602       0x46 Output/gfx_pca10040 Debug/Obj/nrf_drv_uart.o
 .text.rx_byte  0x0000000000003648       0x54 Output/gfx_pca10040 Debug/Obj/nrf_drv_uart.o
 .text.rx_done_event
                0x000000000000369c       0x36 Output/gfx_pca10040 Debug/Obj/nrf_drv_uart.o
 .text.tx_done_event
                0x00000000000036d2       0x3c Output/gfx_pca10040 Debug/Obj/nrf_drv_uart.o
 .text.uart_irq_handler
                0x000000000000370e      0x1d4 Output/gfx_pca10040 Debug/Obj/nrf_drv_uart.o
 .text.uarte_irq_handler
                0x00000000000038e2      0x160 Output/gfx_pca10040 Debug/Obj/nrf_drv_uart.o
 *fill*         0x0000000000003a42        0x2 
 .text.UARTE0_UART0_IRQHandler
                0x0000000000003a44       0x28 Output/gfx_pca10040 Debug/Obj/nrf_drv_uart.o
                0x0000000000003a44                UARTE0_UART0_IRQHandler
 .text.nrf_timer_task_trigger
                0x0000000000003a6c       0x1c Output/gfx_pca10040 Debug/Obj/nrf_drv_timer.o
 .text.nrf_timer_event_clear
                0x0000000000003a88       0x2a Output/gfx_pca10040 Debug/Obj/nrf_drv_timer.o
 .text.nrf_timer_event_check
                0x0000000000003ab2       0x24 Output/gfx_pca10040 Debug/Obj/nrf_drv_timer.o
 .text.nrf_timer_shorts_enable
                0x0000000000003ad6       0x1c Output/gfx_pca10040 Debug/Obj/nrf_drv_timer.o
 .text.nrf_timer_shorts_disable
                0x0000000000003af2       0x1e Output/gfx_pca10040 Debug/Obj/nrf_drv_timer.o
 .text.nrf_timer_int_enable
                0x0000000000003b10       0x14 Output/gfx_pca10040 Debug/Obj/nrf_drv_timer.o
 .text.nrf_timer_int_disable
                0x0000000000003b24       0x14 Output/gfx_pca10040 Debug/Obj/nrf_drv_timer.o
 .text.nrf_timer_int_enable_check
                0x0000000000003b38       0x20 Output/gfx_pca10040 Debug/Obj/nrf_drv_timer.o
 .text.nrf_timer_mode_set
                0x0000000000003b58       0x2a Output/gfx_pca10040 Debug/Obj/nrf_drv_timer.o
 .text.nrf_timer_bit_width_set
                0x0000000000003b82       0x2a Output/gfx_pca10040 Debug/Obj/nrf_drv_timer.o
 .text.nrf_timer_frequency_set
                0x0000000000003bac       0x2a Output/gfx_pca10040 Debug/Obj/nrf_drv_timer.o
 .text.nrf_timer_cc_write
                0x0000000000003bd6       0x22 Output/gfx_pca10040 Debug/Obj/nrf_drv_timer.o
 .text.nrf_timer_compare_event_get
                0x0000000000003bf8       0x16 Output/gfx_pca10040 Debug/Obj/nrf_drv_timer.o
 .text.nrf_timer_compare_int_get
                0x0000000000003c0e       0x14 Output/gfx_pca10040 Debug/Obj/nrf_drv_timer.o
 .text.nrf_drv_get_IRQn
                0x0000000000003c22       0x16 Output/gfx_pca10040 Debug/Obj/nrf_drv_timer.o
 .text.nrf_drv_timer_init
                0x0000000000003c38      0x270 Output/gfx_pca10040 Debug/Obj/nrf_drv_timer.o
                0x0000000000003c38                nrf_drv_timer_init
 .text.nrf_drv_timer_enable
                0x0000000000003ea8       0x5c Output/gfx_pca10040 Debug/Obj/nrf_drv_timer.o
                0x0000000000003ea8                nrf_drv_timer_enable
 .text.nrf_drv_timer_compare
                0x0000000000003f04       0x5c Output/gfx_pca10040 Debug/Obj/nrf_drv_timer.o
                0x0000000000003f04                nrf_drv_timer_compare
 .text.nrf_drv_timer_extended_compare
                0x0000000000003f60       0x5e Output/gfx_pca10040 Debug/Obj/nrf_drv_timer.o
                0x0000000000003f60                nrf_drv_timer_extended_compare
 .text.irq_handler
                0x0000000000003fbe       0x8c Output/gfx_pca10040 Debug/Obj/nrf_drv_timer.o
 *fill*         0x000000000000404a        0x2 
 .text.TIMER0_IRQHandler
                0x000000000000404c       0x18 Output/gfx_pca10040 Debug/Obj/nrf_drv_timer.o
                0x000000000000404c                TIMER0_IRQHandler
 .text.TIMER1_IRQHandler
                0x0000000000004064       0x18 Output/gfx_pca10040 Debug/Obj/nrf_drv_timer.o
                0x0000000000004064                TIMER1_IRQHandler
 .text.TIMER2_IRQHandler
                0x000000000000407c       0x18 Output/gfx_pca10040 Debug/Obj/nrf_drv_timer.o
                0x000000000000407c                TIMER2_IRQHandler
 .text.TIMER3_IRQHandler
                0x0000000000004094       0x18 Output/gfx_pca10040 Debug/Obj/nrf_drv_timer.o
                0x0000000000004094                TIMER3_IRQHandler
 .text.TIMER4_IRQHandler
                0x00000000000040ac       0x18 Output/gfx_pca10040 Debug/Obj/nrf_drv_timer.o
                0x00000000000040ac                TIMER4_IRQHandler
 .text.nrf_gpiote_event_is_set
                0x00000000000040c4       0x2a Output/gfx_pca10040 Debug/Obj/nrf_drv_gpiote.o
 .text.nrf_gpiote_event_clear
                0x00000000000040ee       0x36 Output/gfx_pca10040 Debug/Obj/nrf_drv_gpiote.o
 .text.nrf_gpiote_event_addr_get
                0x0000000000004124       0x1a Output/gfx_pca10040 Debug/Obj/nrf_drv_gpiote.o
 *fill*         0x000000000000413e        0x2 
 .text.nrf_gpiote_int_enable
                0x0000000000004140       0x18 Output/gfx_pca10040 Debug/Obj/nrf_drv_gpiote.o
 .text.nrf_gpiote_int_is_enabled
                0x0000000000004158       0x18 Output/gfx_pca10040 Debug/Obj/nrf_drv_gpiote.o
 .text.nrf_gpiote_event_enable
                0x0000000000004170       0x2c Output/gfx_pca10040 Debug/Obj/nrf_drv_gpiote.o
 .text.nrf_gpiote_event_configure
                0x000000000000419c       0x64 Output/gfx_pca10040 Debug/Obj/nrf_drv_gpiote.o
 .text.nrf_gpiote_event_pin_get
                0x0000000000004200       0x20 Output/gfx_pca10040 Debug/Obj/nrf_drv_gpiote.o
 .text.nrf_gpiote_event_polarity_get
                0x0000000000004220       0x24 Output/gfx_pca10040 Debug/Obj/nrf_drv_gpiote.o
 .text.nrf_gpio_pin_port_decode
                0x0000000000004244       0x28 Output/gfx_pca10040 Debug/Obj/nrf_drv_gpiote.o
 .text.nrf_gpio_cfg
                0x000000000000426c       0x62 Output/gfx_pca10040 Debug/Obj/nrf_drv_gpiote.o
 .text.nrf_gpio_cfg_input
                0x00000000000042ce       0x2c Output/gfx_pca10040 Debug/Obj/nrf_drv_gpiote.o
 .text.nrf_gpio_cfg_watcher
                0x00000000000042fa       0x38 Output/gfx_pca10040 Debug/Obj/nrf_drv_gpiote.o
 .text.nrf_gpio_cfg_sense_set
                0x0000000000004332       0x5c Output/gfx_pca10040 Debug/Obj/nrf_drv_gpiote.o
 .text.nrf_gpio_pin_read
                0x000000000000438e       0x2a Output/gfx_pca10040 Debug/Obj/nrf_drv_gpiote.o
 .text.nrf_gpio_pin_sense_get
                0x00000000000043b8       0x2c Output/gfx_pca10040 Debug/Obj/nrf_drv_gpiote.o
 .text.nrf_gpio_port_in_read
                0x00000000000043e4       0x10 Output/gfx_pca10040 Debug/Obj/nrf_drv_gpiote.o
 .text.nrf_gpio_ports_read
                0x00000000000043f4       0x68 Output/gfx_pca10040 Debug/Obj/nrf_drv_gpiote.o
 .text.nrf_bitmask_bit_is_set
                0x000000000000445c       0x30 Output/gfx_pca10040 Debug/Obj/nrf_drv_gpiote.o
 .text.nrf_bitmask_bit_set
                0x000000000000448c       0x40 Output/gfx_pca10040 Debug/Obj/nrf_drv_gpiote.o
 .text.pin_in_use_by_te
                0x00000000000044cc       0x3c Output/gfx_pca10040 Debug/Obj/nrf_drv_gpiote.o
 .text.pin_in_use_by_port
                0x0000000000004508       0x24 Output/gfx_pca10040 Debug/Obj/nrf_drv_gpiote.o
 .text.pin_in_use_by_gpiote
                0x000000000000452c       0x24 Output/gfx_pca10040 Debug/Obj/nrf_drv_gpiote.o
 .text.pin_in_use_by_te_set
                0x0000000000004550       0x50 Output/gfx_pca10040 Debug/Obj/nrf_drv_gpiote.o
 .text.pin_in_use_clear
                0x00000000000045a0       0x1c Output/gfx_pca10040 Debug/Obj/nrf_drv_gpiote.o
 .text.channel_port_get
                0x00000000000045bc       0x1c Output/gfx_pca10040 Debug/Obj/nrf_drv_gpiote.o
 .text.channel_handler_get
                0x00000000000045d8       0x18 Output/gfx_pca10040 Debug/Obj/nrf_drv_gpiote.o
 .text.channel_port_alloc
                0x00000000000045f0       0x7c Output/gfx_pca10040 Debug/Obj/nrf_drv_gpiote.o
 .text.channel_free
                0x000000000000466c       0x38 Output/gfx_pca10040 Debug/Obj/nrf_drv_gpiote.o
 .text.nrf_drv_gpiote_init
                0x00000000000046a4       0x90 Output/gfx_pca10040 Debug/Obj/nrf_drv_gpiote.o
                0x00000000000046a4                nrf_drv_gpiote_init
 .text.nrf_drv_gpiote_in_init
                0x0000000000004734       0xc8 Output/gfx_pca10040 Debug/Obj/nrf_drv_gpiote.o
                0x0000000000004734                nrf_drv_gpiote_in_init
 .text.nrf_drv_gpiote_in_event_enable
                0x00000000000047fc      0x110 Output/gfx_pca10040 Debug/Obj/nrf_drv_gpiote.o
                0x00000000000047fc                nrf_drv_gpiote_in_event_enable
 .text.GPIOTE_IRQHandler
                0x000000000000490c      0x2e0 Output/gfx_pca10040 Debug/Obj/nrf_drv_gpiote.o
                0x000000000000490c                GPIOTE_IRQHandler
 .text.nrf_gpio_pin_port_decode
                0x0000000000004bec       0x28 Output/gfx_pca10040 Debug/Obj/main.o
 .text.nrf_gpio_cfg
                0x0000000000004c14       0x62 Output/gfx_pca10040 Debug/Obj/main.o
 .text.nrf_gpio_cfg_output
                0x0000000000004c76       0x22 Output/gfx_pca10040 Debug/Obj/main.o
 .text.nrf_gpio_cfg_input
                0x0000000000004c98       0x2c Output/gfx_pca10040 Debug/Obj/main.o
 .text.nrf_gpio_pin_set
                0x0000000000004cc4       0x28 Output/gfx_pca10040 Debug/Obj/main.o
 .text.nrf_gpio_pin_clear
                0x0000000000004cec       0x28 Output/gfx_pca10040 Debug/Obj/main.o
 .text.nrf_gpio_pin_read
                0x0000000000004d14       0x2a Output/gfx_pca10040 Debug/Obj/main.o
 .text.nrf_gpio_port_in_read
                0x0000000000004d3e       0x10 Output/gfx_pca10040 Debug/Obj/main.o
 .text.nrf_gpio_port_out_set
                0x0000000000004d4e       0x14 Output/gfx_pca10040 Debug/Obj/main.o
 .text.nrf_gpio_port_out_clear
                0x0000000000004d62       0x14 Output/gfx_pca10040 Debug/Obj/main.o
 *fill*         0x0000000000004d76        0x2 
 .text.timer_init
                0x0000000000004d78       0x7c Output/gfx_pca10040 Debug/Obj/main.o
                0x0000000000004d78                timer_init
 .text.timer_handler
                0x0000000000004df4      0x4e8 Output/gfx_pca10040 Debug/Obj/main.o
                0x0000000000004df4                timer_handler
 .text.gfx_init
                0x00000000000052dc       0x5c Output/gfx_pca10040 Debug/Obj/main.o
 .text.text_print
                0x0000000000005338       0x6c Output/gfx_pca10040 Debug/Obj/main.o
 .text.text_print_fast
                0x00000000000053a4       0x74 Output/gfx_pca10040 Debug/Obj/main.o
 .text.screen_clear
                0x0000000000005418       0x34 Output/gfx_pca10040 Debug/Obj/main.o
                0x0000000000005418                screen_clear
 .text.draw_rectangle
                0x000000000000544c       0x3c Output/gfx_pca10040 Debug/Obj/main.o
                0x000000000000544c                draw_rectangle
 .text.update_timer
                0x0000000000005488      0x288 Output/gfx_pca10040 Debug/Obj/main.o
                0x0000000000005488                update_timer
 .text.thombum_example
                0x0000000000005710      0x318 Output/gfx_pca10040 Debug/Obj/main.o
                0x0000000000005710                thombum_example
 .text.main     0x0000000000005a28       0x48 Output/gfx_pca10040 Debug/Obj/main.o
                0x0000000000005a28                main
 .text.gpiote_init
                0x0000000000005a70       0x88 Output/gfx_pca10040 Debug/Obj/main.o
                0x0000000000005a70                gpiote_init
 .text.gpiote_handler
                0x0000000000005af8       0x30 Output/gfx_pca10040 Debug/Obj/main.o
                0x0000000000005af8                gpiote_handler
 .text.backlight
                0x0000000000005b28       0x38 Output/gfx_pca10040 Debug/Obj/main.o
                0x0000000000005b28                backlight
 .text._DoInit  0x0000000000005b60       0x9c Output/gfx_pca10040 Debug/Obj/SEGGER_RTT.o
 .text._WriteBlocking
                0x0000000000005bfc       0xb2 Output/gfx_pca10040 Debug/Obj/SEGGER_RTT.o
 .text._WriteNoCheck
                0x0000000000005cae       0x7e Output/gfx_pca10040 Debug/Obj/SEGGER_RTT.o
 .text._GetAvailWriteSpace
                0x0000000000005d2c       0x3c Output/gfx_pca10040 Debug/Obj/SEGGER_RTT.o
 .text.SEGGER_RTT_WriteNoLock
                0x0000000000005d68       0x9c Output/gfx_pca10040 Debug/Obj/SEGGER_RTT.o
                0x0000000000005d68                SEGGER_RTT_WriteNoLock
 .text.SEGGER_RTT_Write
                0x0000000000005e04       0x3c Output/gfx_pca10040 Debug/Obj/SEGGER_RTT.o
                0x0000000000005e04                SEGGER_RTT_Write
 .text.printf   0x0000000000005e40       0x4c Output/gfx_pca10040 Debug/Obj/SEGGER_RTT_Syscalls_SES.o
                0x0000000000005e40                printf
 .text.NVIC_SystemReset
                0x0000000000005e8c       0x24 Output/gfx_pca10040 Debug/Obj/system_nrf52.o
 .text.SystemCoreClockUpdate
                0x0000000000005eb0       0x14 Output/gfx_pca10040 Debug/Obj/system_nrf52.o
                0x0000000000005eb0                SystemCoreClockUpdate
 .text.SystemInit
                0x0000000000005ec4      0x2bc Output/gfx_pca10040 Debug/Obj/system_nrf52.o
                0x0000000000005ec4                SystemInit
 .text.errata_12
                0x0000000000006180       0x58 Output/gfx_pca10040 Debug/Obj/system_nrf52.o
 .text.errata_16
                0x00000000000061d8       0x38 Output/gfx_pca10040 Debug/Obj/system_nrf52.o
 .text.errata_31
                0x0000000000006210       0x58 Output/gfx_pca10040 Debug/Obj/system_nrf52.o
 .text.errata_32
                0x0000000000006268       0x38 Output/gfx_pca10040 Debug/Obj/system_nrf52.o
 .text.errata_36
                0x00000000000062a0       0x58 Output/gfx_pca10040 Debug/Obj/system_nrf52.o
 .text.errata_37
                0x00000000000062f8       0x38 Output/gfx_pca10040 Debug/Obj/system_nrf52.o
 .text.errata_57
                0x0000000000006330       0x38 Output/gfx_pca10040 Debug/Obj/system_nrf52.o
 .text.errata_66
                0x0000000000006368       0x38 Output/gfx_pca10040 Debug/Obj/system_nrf52.o
 .text.errata_108
                0x00000000000063a0       0x58 Output/gfx_pca10040 Debug/Obj/system_nrf52.o
 .text.errata_136
                0x00000000000063f8       0x58 Output/gfx_pca10040 Debug/Obj/system_nrf52.o
 .text.nrf_gpio_pin_port_decode
                0x0000000000006450       0x28 Output/gfx_pca10040 Debug/Obj/spi_master_fast.o
 .text.nrf_gpio_cfg
                0x0000000000006478       0x62 Output/gfx_pca10040 Debug/Obj/spi_master_fast.o
 .text.nrf_gpio_cfg_output
                0x00000000000064da       0x22 Output/gfx_pca10040 Debug/Obj/spi_master_fast.o
 .text.nrf_gpio_cfg_input
                0x00000000000064fc       0x2c Output/gfx_pca10040 Debug/Obj/spi_master_fast.o
 .text.nrf_gpio_pin_set
                0x0000000000006528       0x28 Output/gfx_pca10040 Debug/Obj/spi_master_fast.o
 .text.nrf_gpio_pin_clear
                0x0000000000006550       0x28 Output/gfx_pca10040 Debug/Obj/spi_master_fast.o
 .text.nrf_gpio_port_out_set
                0x0000000000006578       0x14 Output/gfx_pca10040 Debug/Obj/spi_master_fast.o
 .text.nrf_gpio_port_out_clear
                0x000000000000658c       0x14 Output/gfx_pca10040 Debug/Obj/spi_master_fast.o
 .text.spi_master_init
                0x00000000000065a0      0x108 Output/gfx_pca10040 Debug/Obj/spi_master_fast.o
                0x00000000000065a0                spi_master_init
 .text.spi_master_tx
                0x00000000000066a8       0xe0 Output/gfx_pca10040 Debug/Obj/spi_master_fast.o
                0x00000000000066a8                spi_master_tx
 .text.libc.__putc
                0x0000000000006788       0x34 C:/Program Files/SEGGER/SEGGER Embedded Studio for ARM 3.40/lib/libc_v7em_fpv4_sp_d16_hard_t_le_eabi.a(libc2.o)
                0x0000000000006788                __putc
 .text.libc.__RAL_print_padding
                0x00000000000067bc       0x1c C:/Program Files/SEGGER/SEGGER Embedded Studio for ARM 3.40/lib/libc_v7em_fpv4_sp_d16_hard_t_le_eabi.a(libc2.o)
                0x00000000000067bc                __RAL_print_padding
 .text.libc.__RAL_pre_padding
                0x00000000000067d8       0x1c C:/Program Files/SEGGER/SEGGER Embedded Studio for ARM 3.40/lib/libc_v7em_fpv4_sp_d16_hard_t_le_eabi.a(libc2.o)
                0x00000000000067d8                __RAL_pre_padding
 .text.libc.abs
                0x00000000000067f4        0x8 C:/Program Files/SEGGER/SEGGER Embedded Studio for ARM 3.40/lib/libc_v7em_fpv4_sp_d16_hard_t_le_eabi.a(libc2.o)
                0x00000000000067f4                abs
 .text.libc.strnlen
                0x00000000000067fc       0x20 C:/Program Files/SEGGER/SEGGER Embedded Studio for ARM 3.40/lib/libc_v7em_fpv4_sp_d16_hard_t_le_eabi.a(libc2.o)
                0x00000000000067fc                strnlen
 .text.libc.vsnprintf
                0x000000000000681c       0x1c C:/Program Files/SEGGER/SEGGER Embedded Studio for ARM 3.40/lib/libc_v7em_fpv4_sp_d16_hard_t_le_eabi.a(libc2.o)
                0x000000000000681c                vsnprintf
 .text.libc.memcpy
                0x0000000000006838       0x52 C:/Program Files/SEGGER/SEGGER Embedded Studio for ARM 3.40/lib/libc_v7em_fpv4_sp_d16_hard_t_le_eabi.a(libc2_asm.o)
                0x0000000000006838                __aeabi_memcpy
                0x0000000000006838                memcpy
                0x0000000000006844                __aeabi_memcpy8
                0x0000000000006844                __aeabi_memcpy4
 .text.libc.strcpy
                0x000000000000688a       0x44 C:/Program Files/SEGGER/SEGGER Embedded Studio for ARM 3.40/lib/libc_v7em_fpv4_sp_d16_hard_t_le_eabi.a(libc2_asm.o)
                0x000000000000688a                strcpy
 .text.libc.strlen
                0x00000000000068ce       0x60 C:/Program Files/SEGGER/SEGGER Embedded Studio for ARM 3.40/lib/libc_v7em_fpv4_sp_d16_hard_t_le_eabi.a(libc2_asm.o)
                0x00000000000068ce                strlen
 *fill*         0x000000000000692e        0x2 
 .text.libc.__vfprintf_long
                0x0000000000006930      0x730 C:/Program Files/SEGGER/SEGGER Embedded Studio for ARM 3.40/lib/libvfprintf_v7em_fpv4_sp_d16_hard_t_le_eabi.o
                0x0000000000006930                __vfprintf_long
                0x0000000000007060                __text_end__ = (__text_start__ + SIZEOF (.text))
                0x0000000000006d6c                __text_size__ = SIZEOF (.text)
                0x0000000000007060                __text_load_end__ = __text_end__

.vfp11_veneer   0x0000000100000000        0x0
 .vfp11_veneer  0x0000000100000000        0x0 linker stubs

.v4_bx          0x0000000100000000        0x0
 .v4_bx         0x0000000100000000        0x0 linker stubs

.iplt           0x0000000100000000        0x0
 .iplt          0x0000000100000000        0x0 Output/gfx_pca10040 Debug/Obj/thumb_crt0.o
                0x0000000000000001                . = ASSERT (((__text_start__ == __text_end__) || ((__text_end__ >= __FLASH_segment_start__) && (__text_end__ <= __FLASH_segment_end__))), error: .text is too large to fit in FLASH memory segment)
                0x0000000000007060                __log_const_data_load_start__ = ALIGN (__text_end__, 0x4)

.log_const_data
                0x0000000000007060       0x40
                0x0000000000007060                __log_const_data_start__ = .
                0x0000000000007060                __start_log_const_data = __log_const_data_start__
 *(SORT_BY_NAME(.log_const_data*))
 .log_const_data_app
                0x0000000000007060        0x8 Output/gfx_pca10040 Debug/Obj/nrf_log_frontend.o
                0x0000000000007060                m_nrf_log_app_logs_data_const
 .log_const_data_balloc
                0x0000000000007068        0x8 Output/gfx_pca10040 Debug/Obj/nrf_balloc.o
                0x0000000000007068                m_nrf_log_balloc_logs_data_const
 .log_const_data_clock
                0x0000000000007070        0x8 Output/gfx_pca10040 Debug/Obj/nrf_drv_clock.o
                0x0000000000007070                m_nrf_log_clock_logs_data_const
 .log_const_data_gfx
                0x0000000000007078        0x8 Output/gfx_pca10040 Debug/Obj/nrf_gfx.o
                0x0000000000007078                m_nrf_log_gfx_logs_data_const
 .log_const_data_gpiote
                0x0000000000007080        0x8 Output/gfx_pca10040 Debug/Obj/nrf_drv_gpiote.o
                0x0000000000007080                m_nrf_log_gpiote_logs_data_const
 .log_const_data_spi
                0x0000000000007088        0x8 Output/gfx_pca10040 Debug/Obj/nrf_drv_spi.o
                0x0000000000007088                m_nrf_log_spi_logs_data_const
 .log_const_data_timer
                0x0000000000007090        0x8 Output/gfx_pca10040 Debug/Obj/nrf_drv_timer.o
                0x0000000000007090                m_nrf_log_timer_logs_data_const
 .log_const_data_uart
                0x0000000000007098        0x8 Output/gfx_pca10040 Debug/Obj/nrf_drv_uart.o
                0x0000000000007098                m_nrf_log_uart_logs_data_const
                0x00000000000070a0                __log_const_data_end__ = (__log_const_data_start__ + SIZEOF (.log_const_data))
                0x0000000000000040                __log_const_data_size__ = SIZEOF (.log_const_data)
                0x00000000000070a0                __stop_log_const_data = __log_const_data_end__
                0x00000000000070a0                __log_const_data_load_end__ = __log_const_data_end__
                0x0000000000000001                . = ASSERT (((__log_const_data_start__ == __log_const_data_end__) || ((__log_const_data_end__ >= __FLASH_segment_start__) && (__log_const_data_end__ <= __FLASH_segment_end__))), error: .log_const_data is too large to fit in FLASH memory segment)
                0x00000000000070a0                __nrf_sections_load_start__ = ALIGN (__log_const_data_end__, 0x4)

.nrf_sections   0x00000000000070a0        0x0
                0x00000000000070a0                __nrf_sections_start__ = .
                0x00000000000070a0                __start_nrf_sections = __nrf_sections_start__
 *(.nrf_sections .nrf_sections.*)
                0x00000000000070a0                __nrf_sections_end__ = (__nrf_sections_start__ + SIZEOF (.nrf_sections))
                0x0000000000000000                __nrf_sections_size__ = SIZEOF (.nrf_sections)
                0x00000000000070a0                __nrf_sections_load_end__ = __nrf_sections_end__
                0x0000000000000001                . = ASSERT (((__nrf_sections_start__ == __nrf_sections_end__) || ((__nrf_sections_end__ >= __FLASH_segment_start__) && (__nrf_sections_end__ <= __FLASH_segment_end__))), error: .nrf_sections is too large to fit in FLASH memory segment)
                0x00000000000070a0                __log_dynamic_data_load_start__ = ALIGN (__nrf_sections_end__, 0x4)

.log_dynamic_data
                0x0000000020000000       0x60 load address 0x00000000000070a0
                0x0000000020000000                __log_dynamic_data_start__ = .
 *(SORT_BY_NAME(.log_dynamic_data*))
 .log_dynamic_data_app
                0x0000000020000000        0xc Output/gfx_pca10040 Debug/Obj/nrf_log_frontend.o
                0x0000000020000000                m_nrf_log_app_logs_data_dynamic
 .log_dynamic_data_balloc
                0x000000002000000c        0xc Output/gfx_pca10040 Debug/Obj/nrf_balloc.o
                0x000000002000000c                m_nrf_log_balloc_logs_data_dynamic
 .log_dynamic_data_clock
                0x0000000020000018        0xc Output/gfx_pca10040 Debug/Obj/nrf_drv_clock.o
                0x0000000020000018                m_nrf_log_clock_logs_data_dynamic
 .log_dynamic_data_gfx
                0x0000000020000024        0xc Output/gfx_pca10040 Debug/Obj/nrf_gfx.o
                0x0000000020000024                m_nrf_log_gfx_logs_data_dynamic
 .log_dynamic_data_gpiote
                0x0000000020000030        0xc Output/gfx_pca10040 Debug/Obj/nrf_drv_gpiote.o
                0x0000000020000030                m_nrf_log_gpiote_logs_data_dynamic
 .log_dynamic_data_spi
                0x000000002000003c        0xc Output/gfx_pca10040 Debug/Obj/nrf_drv_spi.o
                0x000000002000003c                m_nrf_log_spi_logs_data_dynamic
 .log_dynamic_data_timer
                0x0000000020000048        0xc Output/gfx_pca10040 Debug/Obj/nrf_drv_timer.o
                0x0000000020000048                m_nrf_log_timer_logs_data_dynamic
 .log_dynamic_data_uart
                0x0000000020000054        0xc Output/gfx_pca10040 Debug/Obj/nrf_drv_uart.o
                0x0000000020000054                m_nrf_log_uart_logs_data_dynamic
                0x0000000020000060                __log_dynamic_data_end__ = (__log_dynamic_data_start__ + SIZEOF (.log_dynamic_data))
                0x0000000000000060                __log_dynamic_data_size__ = SIZEOF (.log_dynamic_data)
                0x0000000000007100                __log_dynamic_data_load_end__ = (__log_dynamic_data_load_start__ + SIZEOF (.log_dynamic_data))
                0x0000000000000001                . = ASSERT (((__log_dynamic_data_load_start__ == __log_dynamic_data_load_end__) || ((__log_dynamic_data_load_end__ >= __FLASH_segment_start__) && (__log_dynamic_data_load_end__ <= __FLASH_segment_end__))), error: .log_dynamic_data is too large to fit in FLASH memory segment)

.log_dynamic_data_run
                0x0000000020000000       0x60 load address 0x00000000000070a0
                0x0000000020000000                __log_dynamic_data_run_start__ = .
                0x0000000020000000                __start_log_dynamic_data = __log_dynamic_data_run_start__
                0x0000000020000060                . = MAX ((__log_dynamic_data_run_start__ + SIZEOF (.log_dynamic_data)), .)
 *fill*         0x0000000020000000       0x60 
                0x0000000020000060                __log_dynamic_data_run_end__ = (__log_dynamic_data_run_start__ + SIZEOF (.log_dynamic_data_run))
                0x0000000000000060                __log_dynamic_data_run_size__ = SIZEOF (.log_dynamic_data_run)
                0x0000000020000060                __stop_log_dynamic_data = __log_dynamic_data_run_end__
                0x0000000020000060                __log_dynamic_data_run_load_end__ = __log_dynamic_data_run_end__
                0x0000000000000001                . = ASSERT (((__log_dynamic_data_run_start__ == __log_dynamic_data_run_end__) || ((__log_dynamic_data_run_end__ >= __RAM_segment_start__) && (__log_dynamic_data_run_end__ <= __RAM_segment_end__))), error: .log_dynamic_data_run is too large to fit in RAM memory segment)
                0x0000000020000060                __nrf_sections_run_end_load_start__ = ALIGN (__log_dynamic_data_run_end__, 0x4)

.nrf_sections_run_end
                0x0000000020000060        0x0
                0x0000000020000060                __nrf_sections_run_end_start__ = .
                0x0000000020000060                __end_nrf_sections_run = __nrf_sections_run_end_start__
 *(.nrf_sections_run_end .nrf_sections_run_end.*)
                0x0000000020000060                __nrf_sections_run_end_end__ = (__nrf_sections_run_end_start__ + SIZEOF (.nrf_sections_run_end))
                0x0000000000000000                __nrf_sections_run_end_size__ = SIZEOF (.nrf_sections_run_end)
                0x0000000020000060                __nrf_sections_run_end_load_end__ = __nrf_sections_run_end_end__
                0x0000000000000001                . = ASSERT (((__nrf_sections_run_end_start__ == __nrf_sections_run_end_end__) || ((__nrf_sections_run_end_end__ >= __RAM_segment_start__) && (__nrf_sections_run_end_end__ <= __RAM_segment_end__))), error: .nrf_sections_run_end is too large to fit in RAM memory segment)
                0x0000000000007100                __dtors_load_start__ = ALIGN ((__log_dynamic_data_load_start__ + SIZEOF (.log_dynamic_data)), 0x4)

.dtors          0x0000000000007100        0x0
                0x0000000000007100                __dtors_start__ = .
 *(SORT_BY_NAME(.dtors.*))
 *(.dtors)
 *(.fini_array)
 *(SORT_BY_NAME(.fini_array.*))
                0x0000000000007100                __dtors_end__ = (__dtors_start__ + SIZEOF (.dtors))
                0x0000000000000000                __dtors_size__ = SIZEOF (.dtors)
                0x0000000000007100                __dtors_load_end__ = __dtors_end__
                0x0000000000000001                . = ASSERT (((__dtors_start__ == __dtors_end__) || ((__dtors_end__ >= __FLASH_segment_start__) && (__dtors_end__ <= __FLASH_segment_end__))), error: .dtors is too large to fit in FLASH memory segment)
                0x0000000000007100                __ctors_load_start__ = ALIGN (__dtors_end__, 0x4)

.ctors          0x0000000000007100        0x0
                0x0000000000007100                __ctors_start__ = .
 *(SORT_BY_NAME(.ctors.*))
 *(.ctors)
 *(.init_array)
 *(SORT_BY_NAME(.init_array.*))
                0x0000000000007100                __ctors_end__ = (__ctors_start__ + SIZEOF (.ctors))
                0x0000000000000000                __ctors_size__ = SIZEOF (.ctors)
                0x0000000000007100                __ctors_load_end__ = __ctors_end__
                0x0000000000000001                . = ASSERT (((__ctors_start__ == __ctors_end__) || ((__ctors_end__ >= __FLASH_segment_start__) && (__ctors_end__ <= __FLASH_segment_end__))), error: .ctors is too large to fit in FLASH memory segment)
                0x0000000000007100                __rodata_load_start__ = ALIGN (__ctors_end__, 0x4)

.rodata         0x0000000000007100    0x1a25c
                0x0000000000007100                __rodata_start__ = .
 *(.rodata .rodata.* .gnu.linkonce.r.*)
 .rodata        0x0000000000007100       0xb0 Output/gfx_pca10040 Debug/Obj/st7789.o
 .rodata.spi    0x00000000000071b0        0x8 Output/gfx_pca10040 Debug/Obj/st7789.o
 .rodata.nrf_lcd_st7789
                0x00000000000071b8       0x20 Output/gfx_pca10040 Debug/Obj/st7789.o
                0x00000000000071b8                nrf_lcd_st7789
 .rodata.mempool
                0x00000000000071d8       0x14 Output/gfx_pca10040 Debug/Obj/nrf_log_frontend.o
 .rodata        0x00000000000071ec       0x83 Output/gfx_pca10040 Debug/Obj/nrf_log_frontend.o
 *fill*         0x000000000000726f        0x1 
 .rodata        0x0000000000007270       0x4c Output/gfx_pca10040 Debug/Obj/app_error_weak.o
 .rodata        0x00000000000072bc       0x64 Output/gfx_pca10040 Debug/Obj/app_util_platform.o
 .rodata        0x0000000000007320       0x67 Output/gfx_pca10040 Debug/Obj/nrf_balloc.o
 *fill*         0x0000000000007387        0x1 
 .rodata        0x0000000000007388       0x5d Output/gfx_pca10040 Debug/Obj/nrf_gfx.o
 *fill*         0x00000000000073e5        0x3 
 .rodata        0x00000000000073e8       0x6c Output/gfx_pca10040 Debug/Obj/nrf_memobj.o
 .rodata.m_unknown_str
                0x0000000000007454       0x13 Output/gfx_pca10040 Debug/Obj/nrf_strerror.o
 *fill*         0x0000000000007467        0x1 
 .rodata        0x0000000000007468      0x308 Output/gfx_pca10040 Debug/Obj/nrf_strerror.o
 .rodata.nrf_strerror_array
                0x0000000000007770       0xf0 Output/gfx_pca10040 Debug/Obj/nrf_strerror.o
 .rodata        0x0000000000007860       0x6b Output/gfx_pca10040 Debug/Obj/nrf_drv_clock.o
 *fill*         0x00000000000078cb        0x1 
 .rodata        0x00000000000078cc       0x65 Output/gfx_pca10040 Debug/Obj/nrf_drv_common.o
 *fill*         0x0000000000007931        0x3 
 .rodata        0x0000000000007934       0xa2 Output/gfx_pca10040 Debug/Obj/nrf_drv_spi.o
 *fill*         0x00000000000079d6        0x2 
 .rodata        0x00000000000079d8       0xa1 Output/gfx_pca10040 Debug/Obj/nrf_drv_uart.o
 *fill*         0x0000000000007a79        0x3 
 .rodata        0x0000000000007a7c       0x6b Output/gfx_pca10040 Debug/Obj/nrf_drv_timer.o
 *fill*         0x0000000000007ae7        0x1 
 .rodata        0x0000000000007ae8       0xa5 Output/gfx_pca10040 Debug/Obj/nrf_drv_gpiote.o
 *fill*         0x0000000000007b8d        0x3 
 .rodata        0x0000000000007b90      0x18b Output/gfx_pca10040 Debug/Obj/main.o
 *fill*         0x0000000000007d1b        0x1 
 .rodata.Connect_yes
                0x0000000000007d1c     0x1220 Output/gfx_pca10040 Debug/Obj/main.o
                0x0000000000007d1c                Connect_yes
 .rodata.Selector_arrow_240x240
                0x0000000000008f3c      0x900 Output/gfx_pca10040 Debug/Obj/main.o
                0x0000000000008f3c                Selector_arrow_240x240
 .rodata.colon  0x000000000000983c        0x2 Output/gfx_pca10040 Debug/Obj/main.o
                0x000000000000983c                colon
 *fill*         0x000000000000983e        0x2 
 .rodata.attack
                0x0000000000009840        0x7 Output/gfx_pca10040 Debug/Obj/main.o
                0x0000000000009840                attack
 *fill*         0x0000000000009847        0x1 
 .rodata.retreat
                0x0000000000009848        0x8 Output/gfx_pca10040 Debug/Obj/main.o
                0x0000000000009848                retreat
 .rodata.attack_outer_rect
                0x0000000000009850        0x8 Output/gfx_pca10040 Debug/Obj/main.o
                0x0000000000009850                attack_outer_rect
 .rodata.attack_inner_rects
                0x0000000000009858       0x20 Output/gfx_pca10040 Debug/Obj/main.o
                0x0000000000009858                attack_inner_rects
 .rodata.retreat_outer_rect
                0x0000000000009878        0x8 Output/gfx_pca10040 Debug/Obj/main.o
                0x0000000000009878                retreat_outer_rect
 .rodata.retreat_inner_rect
                0x0000000000009880        0x8 Output/gfx_pca10040 Debug/Obj/main.o
                0x0000000000009880                retreat_inner_rect
 .rodata.retreat_inner_rects
                0x0000000000009888       0x20 Output/gfx_pca10040 Debug/Obj/main.o
                0x0000000000009888                retreat_inner_rects
 .rodata.sel_rect
                0x00000000000098a8       0x20 Output/gfx_pca10040 Debug/Obj/main.o
                0x00000000000098a8                sel_rect
 .rodata.player_colors
                0x00000000000098c8        0x8 Output/gfx_pca10040 Debug/Obj/main.o
                0x00000000000098c8                player_colors
 .rodata.timer_1hz
                0x00000000000098d0        0x8 Output/gfx_pca10040 Debug/Obj/main.o
                0x00000000000098d0                timer_1hz
 .rodata        0x00000000000098d8       0x17 Output/gfx_pca10040 Debug/Obj/SEGGER_RTT.o
 *fill*         0x00000000000098ef        0x1 
 .rodata.arial_bold_72ptBitmaps
                0x00000000000098f0     0xd2c0 Output/gfx_pca10040 Debug/Obj/arial_bold_72pt.o
                0x00000000000098f0                arial_bold_72ptBitmaps
 .rodata.arial_bold_72ptDescriptors
                0x0000000000016bb0      0x174 Output/gfx_pca10040 Debug/Obj/arial_bold_72pt.o
                0x0000000000016bb0                arial_bold_72ptDescriptors
 .rodata.arial_bold_72ptFontInfo
                0x0000000000016d24        0xc Output/gfx_pca10040 Debug/Obj/arial_bold_72pt.o
                0x0000000000016d24                arial_bold_72ptFontInfo
 .rodata.arial_24ptBitmaps
                0x0000000000016d30     0x1857 Output/gfx_pca10040 Debug/Obj/arial_24pt.o
                0x0000000000016d30                arial_24ptBitmaps
 *fill*         0x0000000000018587        0x1 
 .rodata.arial_24ptDescriptors
                0x0000000000018588      0x178 Output/gfx_pca10040 Debug/Obj/arial_24pt.o
                0x0000000000018588                arial_24ptDescriptors
 .rodata.arial_24ptFontInfo
                0x0000000000018700        0xc Output/gfx_pca10040 Debug/Obj/arial_24pt.o
                0x0000000000018700                arial_24ptFontInfo
 .rodata.arial_bold_42ptBitmaps
                0x000000000001870c     0x4c90 Output/gfx_pca10040 Debug/Obj/arial_bold_42pt.o
                0x000000000001870c                arial_bold_42ptBitmaps
 .rodata.arial_bold_42ptDescriptors
                0x000000000001d39c      0x178 Output/gfx_pca10040 Debug/Obj/arial_bold_42pt.o
                0x000000000001d39c                arial_bold_42ptDescriptors
 .rodata.arial_bold_42ptFontInfo
                0x000000000001d514        0xc Output/gfx_pca10040 Debug/Obj/arial_bold_42pt.o
                0x000000000001d514                arial_bold_42ptFontInfo
 .rodata.arial_bold_28ptBitmaps
                0x000000000001d520     0x2626 Output/gfx_pca10040 Debug/Obj/arial_bold_28pt.o
                0x000000000001d520                arial_bold_28ptBitmaps
 *fill*         0x000000000001fb46        0x2 
 .rodata.arial_bold_28ptDescriptors
                0x000000000001fb48      0x178 Output/gfx_pca10040 Debug/Obj/arial_bold_28pt.o
                0x000000000001fb48                arial_bold_28ptDescriptors
 .rodata.arial_bold_28ptFontInfo
                0x000000000001fcc0        0xc Output/gfx_pca10040 Debug/Obj/arial_bold_28pt.o
                0x000000000001fcc0                arial_bold_28ptFontInfo
 .rodata.arial_bold_20ptBitmaps
                0x000000000001fccc     0x14ac Output/gfx_pca10040 Debug/Obj/arial_bold_20pt.o
                0x000000000001fccc                arial_bold_20ptBitmaps
 .rodata.arial_bold_20ptDescriptors
                0x0000000000021178      0x178 Output/gfx_pca10040 Debug/Obj/arial_bold_20pt.o
                0x0000000000021178                arial_bold_20ptDescriptors
 .rodata.arial_bold_20ptFontInfo
                0x00000000000212f0        0xc Output/gfx_pca10040 Debug/Obj/arial_bold_20pt.o
                0x00000000000212f0                arial_bold_20ptFontInfo
 .rodata        0x00000000000212fc       0x38 Output/gfx_pca10040 Debug/Obj/spi_master_fast.o
 .rodata.libc.__RAL_hex_lc
                0x0000000000021334       0x10 C:/Program Files/SEGGER/SEGGER Embedded Studio for ARM 3.40/lib/libc_v7em_fpv4_sp_d16_hard_t_le_eabi.a(libc2.o)
                0x0000000000021334                __RAL_hex_lc
 .rodata.libc.__RAL_hex_uc
                0x0000000000021344       0x10 C:/Program Files/SEGGER/SEGGER Embedded Studio for ARM 3.40/lib/libc_v7em_fpv4_sp_d16_hard_t_le_eabi.a(libc2.o)
                0x0000000000021344                __RAL_hex_uc
 .rodata.libc.__vfprintf_int.str1.4
                0x0000000000021354        0x8 C:/Program Files/SEGGER/SEGGER Embedded Studio for ARM 3.40/lib/libvfprintf_v7em_fpv4_sp_d16_hard_t_le_eabi.o
                                          0x7 (size before relaxing)
                0x000000000002135c                __rodata_end__ = (__rodata_start__ + SIZEOF (.rodata))
                0x000000000001a25c                __rodata_size__ = SIZEOF (.rodata)
                0x000000000002135c                __rodata_load_end__ = __rodata_end__

.rel.dyn        0x000000000002135c        0x0
 .rel.iplt      0x000000000002135c        0x0 Output/gfx_pca10040 Debug/Obj/thumb_crt0.o
                0x0000000000000001                . = ASSERT (((__rodata_start__ == __rodata_end__) || ((__rodata_end__ >= __FLASH_segment_start__) && (__rodata_end__ <= __FLASH_segment_end__))), error: .rodata is too large to fit in FLASH memory segment)
                0x000000000002135c                __ARM.exidx_load_start__ = ALIGN (__rodata_end__, 0x4)

.ARM.exidx      0x000000000002135c        0x0
                0x000000000002135c                __ARM.exidx_start__ = .
                0x000000000002135c                __exidx_start = __ARM.exidx_start__
 *(.ARM.exidx .ARM.exidx.*)
                0x000000000002135c                __ARM.exidx_end__ = (__ARM.exidx_start__ + SIZEOF (.ARM.exidx))
                0x0000000000000000                __ARM.exidx_size__ = SIZEOF (.ARM.exidx)
                0x000000000002135c                __exidx_end = __ARM.exidx_end__
                0x000000000002135c                __ARM.exidx_load_end__ = __ARM.exidx_end__
                0x0000000000000001                . = ASSERT (((__ARM.exidx_start__ == __ARM.exidx_end__) || ((__ARM.exidx_end__ >= __FLASH_segment_start__) && (__ARM.exidx_end__ <= __FLASH_segment_end__))), error: .ARM.exidx is too large to fit in FLASH memory segment)
                0x000000000002135c                __fast_load_start__ = ALIGN (__ARM.exidx_end__, 0x4)

.fast           0x0000000020000060        0x0 load address 0x000000000002135c
                0x0000000020000060                __fast_start__ = .
 *(.fast .fast.*)
                0x0000000020000060                __fast_end__ = (__fast_start__ + SIZEOF (.fast))
                0x0000000000000000                __fast_size__ = SIZEOF (.fast)
                0x000000000002135c                __fast_load_end__ = (__fast_load_start__ + SIZEOF (.fast))
                0x0000000000000001                . = ASSERT (((__fast_load_start__ == __fast_load_end__) || ((__fast_load_end__ >= __FLASH_segment_start__) && (__fast_load_end__ <= __FLASH_segment_end__))), error: .fast is too large to fit in FLASH memory segment)

.fast_run       0x0000000020000060        0x0
                0x0000000020000060                __fast_run_start__ = .
                0x0000000020000060                . = MAX ((__fast_run_start__ + SIZEOF (.fast)), .)
                0x0000000020000060                __fast_run_end__ = (__fast_run_start__ + SIZEOF (.fast_run))
                0x0000000000000000                __fast_run_size__ = SIZEOF (.fast_run)
                0x0000000020000060                __fast_run_load_end__ = __fast_run_end__
                0x0000000000000001                . = ASSERT (((__fast_run_start__ == __fast_run_end__) || ((__fast_run_end__ >= __RAM_segment_start__) && (__fast_run_end__ <= __RAM_segment_end__))), error: .fast_run is too large to fit in RAM memory segment)
                0x000000000002135c                __data_load_start__ = ALIGN ((__fast_load_start__ + SIZEOF (.fast)), 0x4)

.data           0x0000000020000060       0x60 load address 0x000000000002135c
                0x0000000020000060                __data_start__ = .
 *(.data .data.* .gnu.linkonce.d.*)
 .data.st7789_cb
                0x0000000020000060        0x8 Output/gfx_pca10040 Debug/Obj/st7789.o
 .data.Selector_attack_rect
                0x0000000020000068        0x8 Output/gfx_pca10040 Debug/Obj/main.o
                0x0000000020000068                Selector_attack_rect
 .data.Selector_retreat_rect
                0x0000000020000070        0x8 Output/gfx_pca10040 Debug/Obj/main.o
                0x0000000020000070                Selector_retreat_rect
 .data.minute_tens
                0x0000000020000078        0x2 Output/gfx_pca10040 Debug/Obj/main.o
                0x0000000020000078                minute_tens
 *fill*         0x000000002000007a        0x2 
 .data.minute_ones
                0x000000002000007c        0x2 Output/gfx_pca10040 Debug/Obj/main.o
                0x000000002000007c                minute_ones
 *fill*         0x000000002000007e        0x2 
 .data.second_tens
                0x0000000020000080        0x2 Output/gfx_pca10040 Debug/Obj/main.o
                0x0000000020000080                second_tens
 *fill*         0x0000000020000082        0x2 
 .data.second_ones
                0x0000000020000084        0x2 Output/gfx_pca10040 Debug/Obj/main.o
                0x0000000020000084                second_ones
 .data.flag_minute_tens
                0x0000000020000086        0x1 Output/gfx_pca10040 Debug/Obj/main.o
                0x0000000020000086                flag_minute_tens
 .data.flag_minute_ones
                0x0000000020000087        0x1 Output/gfx_pca10040 Debug/Obj/main.o
                0x0000000020000087                flag_minute_ones
 .data.flag_second_tens
                0x0000000020000088        0x1 Output/gfx_pca10040 Debug/Obj/main.o
                0x0000000020000088                flag_second_tens
 .data.flag_second_ones
                0x0000000020000089        0x1 Output/gfx_pca10040 Debug/Obj/main.o
                0x0000000020000089                flag_second_ones
 .data.button_read
                0x000000002000008a        0x1 Output/gfx_pca10040 Debug/Obj/main.o
                0x000000002000008a                button_read
 *fill*         0x000000002000008b        0x1 
 .data.prev_minute_tens
                0x000000002000008c        0x2 Output/gfx_pca10040 Debug/Obj/main.o
                0x000000002000008c                prev_minute_tens
 *fill*         0x000000002000008e        0x2 
 .data.prev_minute_ones
                0x0000000020000090        0x2 Output/gfx_pca10040 Debug/Obj/main.o
                0x0000000020000090                prev_minute_ones
 *fill*         0x0000000020000092        0x2 
 .data.prev_second_tens
                0x0000000020000094        0x2 Output/gfx_pca10040 Debug/Obj/main.o
                0x0000000020000094                prev_second_tens
 *fill*         0x0000000020000096        0x2 
 .data.prev_second_ones
                0x0000000020000098        0x2 Output/gfx_pca10040 Debug/Obj/main.o
                0x0000000020000098                prev_second_ones
 *fill*         0x000000002000009a        0x2 
 .data.timer_font
                0x000000002000009c        0x4 Output/gfx_pca10040 Debug/Obj/main.o
 .data.thombum_font
                0x00000000200000a0        0x4 Output/gfx_pca10040 Debug/Obj/main.o
 .data.p_lcd    0x00000000200000a4        0x4 Output/gfx_pca10040 Debug/Obj/main.o
 .data.thombum_playerno_font.9552
                0x00000000200000a8        0x4 Output/gfx_pca10040 Debug/Obj/main.o
 .data.thombum_scores_font.9553
                0x00000000200000ac        0x4 Output/gfx_pca10040 Debug/Obj/main.o
 .data.thombum_players_font.9568
                0x00000000200000b0        0x4 Output/gfx_pca10040 Debug/Obj/main.o
 .data.SystemCoreClock
                0x00000000200000b4        0x4 Output/gfx_pca10040 Debug/Obj/system_nrf52.o
                0x00000000200000b4                SystemCoreClock
 .data.spi_base
                0x00000000200000b8        0x8 Output/gfx_pca10040 Debug/Obj/spi_master_fast.o
                0x00000000200000c0                __data_end__ = (__data_start__ + SIZEOF (.data))
                0x0000000000000060                __data_size__ = SIZEOF (.data)
                0x00000000000213bc                __data_load_end__ = (__data_load_start__ + SIZEOF (.data))

.igot.plt       0x0000000100000000        0x0
 .igot.plt      0x0000000100000000        0x0 Output/gfx_pca10040 Debug/Obj/thumb_crt0.o
                0x0000000000000001                . = ASSERT (((__data_load_start__ == __data_load_end__) || ((__data_load_end__ >= __FLASH_segment_start__) && (__data_load_end__ <= __FLASH_segment_end__))), error: .data is too large to fit in FLASH memory segment)

.data_run       0x0000000020000060       0x60 load address 0x000000000002135c
                0x0000000020000060                __data_run_start__ = .
                0x00000000200000c0                . = MAX ((__data_run_start__ + SIZEOF (.data)), .)
 *fill*         0x0000000020000060       0x60 
                0x00000000200000c0                __data_run_end__ = (__data_run_start__ + SIZEOF (.data_run))
                0x0000000000000060                __data_run_size__ = SIZEOF (.data_run)
                0x00000000200000c0                __data_run_load_end__ = __data_run_end__
                0x0000000000000001                . = ASSERT (((__data_run_start__ == __data_run_end__) || ((__data_run_end__ >= __RAM_segment_start__) && (__data_run_end__ <= __RAM_segment_end__))), error: .data_run is too large to fit in RAM memory segment)
                0x00000000000213bc                __tdata_load_start__ = ALIGN ((__data_load_start__ + SIZEOF (.data)), 0x4)

.tdata          0x00000000200000c0        0x0 load address 0x00000000000213bc
                0x00000000200000c0                __tdata_start__ = .
 *(.tdata .tdata.*)
                0x00000000200000c0                __tdata_end__ = (__tdata_start__ + SIZEOF (.tdata))
                0x0000000000000000                __tdata_size__ = SIZEOF (.tdata)
                0x00000000000213bc                __tdata_load_end__ = (__tdata_load_start__ + SIZEOF (.tdata))
                0x00000000000213bc                __FLASH_segment_used_end__ = (ALIGN ((__data_load_start__ + SIZEOF (.data)), 0x4) + SIZEOF (.tdata))
                0x00000000000213bc                __FLASH_segment_used_size__ = (__FLASH_segment_used_end__ - __FLASH_segment_start__)
                0x0000000000000001                . = ASSERT (((__tdata_load_start__ == __tdata_load_end__) || ((__tdata_load_end__ >= __FLASH_segment_start__) && (__tdata_load_end__ <= __FLASH_segment_end__))), error: .tdata is too large to fit in FLASH memory segment)

.tdata_run      0x00000000200000c0        0x0
                0x00000000200000c0                __tdata_run_start__ = .
                0x00000000200000c0                . = MAX ((__tdata_run_start__ + SIZEOF (.tdata)), .)
                0x00000000200000c0                __tdata_run_end__ = (__tdata_run_start__ + SIZEOF (.tdata_run))
                0x0000000000000000                __tdata_run_size__ = SIZEOF (.tdata_run)
                0x00000000200000c0                __tdata_run_load_end__ = __tdata_run_end__
                0x0000000000000001                . = ASSERT (((__tdata_run_start__ == __tdata_run_end__) || ((__tdata_run_end__ >= __RAM_segment_start__) && (__tdata_run_end__ <= __RAM_segment_end__))), error: .tdata_run is too large to fit in RAM memory segment)
                0x00000000200000c0                __bss_load_start__ = ALIGN (__tdata_run_end__, 0x4)

.bss            0x00000000200000c0      0x8a8
                0x00000000200000c0                __bss_start__ = .
 *(.bss .bss.* .gnu.linkonce.b.*)
 .bss.fast_spi  0x00000000200000c0        0x1 Output/gfx_pca10040 Debug/Obj/st7789.o
 *fill*         0x00000000200000c1        0x3 
 .bss.mempool_nrf_balloc_pool_stack
                0x00000000200000c4        0x8 Output/gfx_pca10040 Debug/Obj/nrf_log_frontend.o
 .bss.mempool_nrf_balloc_pool_mem
                0x00000000200000cc       0xc0 Output/gfx_pca10040 Debug/Obj/nrf_log_frontend.o
 .bss.mempool_nrf_balloc_cb
                0x000000002000018c        0x8 Output/gfx_pca10040 Debug/Obj/nrf_log_frontend.o
 .bss.m_log_data
                0x0000000020000194      0x420 Output/gfx_pca10040 Debug/Obj/nrf_log_frontend.o
 .bss.m_error_data.7354
                0x00000000200005b4       0x20 Output/gfx_pca10040 Debug/Obj/app_error.o
 .bss.m_in_critical_region
                0x00000000200005d4        0x4 Output/gfx_pca10040 Debug/Obj/app_util_platform.o
 .bss.m_clock_cb
                0x00000000200005d8       0x14 Output/gfx_pca10040 Debug/Obj/nrf_drv_clock.o
 .bss.m_cb      0x00000000200005ec       0x24 Output/gfx_pca10040 Debug/Obj/nrf_drv_spi.o
 .bss.m_cb      0x0000000020000610       0x20 Output/gfx_pca10040 Debug/Obj/nrf_drv_uart.o
 .bss.m_cb      0x0000000020000630       0x3c Output/gfx_pca10040 Debug/Obj/nrf_drv_timer.o
 .bss.m_cb      0x000000002000066c       0x48 Output/gfx_pca10040 Debug/Obj/nrf_drv_gpiote.o
 .bss.timer_event
                0x00000000200006b4        0x2 Output/gfx_pca10040 Debug/Obj/main.o
                0x00000000200006b4                timer_event
 *fill*         0x00000000200006b6        0x2 
 .bss.seconds_timer
                0x00000000200006b8        0x4 Output/gfx_pca10040 Debug/Obj/main.o
                0x00000000200006b8                seconds_timer
 .bss.global_timer
                0x00000000200006bc        0x4 Output/gfx_pca10040 Debug/Obj/main.o
                0x00000000200006bc                global_timer
 .bss.counting  0x00000000200006c0        0x1 Output/gfx_pca10040 Debug/Obj/main.o
                0x00000000200006c0                counting
 .bss.count_direction
                0x00000000200006c1        0x1 Output/gfx_pca10040 Debug/Obj/main.o
                0x00000000200006c1                count_direction
 .bss.selector_flashing
                0x00000000200006c2        0x1 Output/gfx_pca10040 Debug/Obj/main.o
                0x00000000200006c2                selector_flashing
 .bss.selector_drawn
                0x00000000200006c3        0x1 Output/gfx_pca10040 Debug/Obj/main.o
                0x00000000200006c3                selector_drawn
 .bss.backlight_state
                0x00000000200006c4        0x1 Output/gfx_pca10040 Debug/Obj/main.o
                0x00000000200006c4                backlight_state
 .bss.turn_order
                0x00000000200006c5        0x1 Output/gfx_pca10040 Debug/Obj/main.o
                0x00000000200006c5                turn_order
 .bss.update_turn_order
                0x00000000200006c6        0x1 Output/gfx_pca10040 Debug/Obj/main.o
                0x00000000200006c6                update_turn_order
 *fill*         0x00000000200006c7        0x1 
 .bss.button_tracker
                0x00000000200006c8        0x2 Output/gfx_pca10040 Debug/Obj/main.o
                0x00000000200006c8                button_tracker
 .bss.sel_rect_no
                0x00000000200006ca        0x1 Output/gfx_pca10040 Debug/Obj/main.o
                0x00000000200006ca                sel_rect_no
 *fill*         0x00000000200006cb        0x1 
 .bss._SEGGER_RTT
                0x00000000200006cc       0x78 Output/gfx_pca10040 Debug/Obj/SEGGER_RTT.o
                0x00000000200006cc                _SEGGER_RTT
 .bss._acUpBuffer
                0x0000000020000744      0x200 Output/gfx_pca10040 Debug/Obj/SEGGER_RTT.o
 .bss._acDownBuffer
                0x0000000020000944       0x10 Output/gfx_pca10040 Debug/Obj/SEGGER_RTT.o
 .bss.spi_config_table
                0x0000000020000954        0xc Output/gfx_pca10040 Debug/Obj/spi_master_fast.o
 .bss.SPI       0x0000000020000960        0x4 Output/gfx_pca10040 Debug/Obj/spi_master_fast.o
 .bss.libc.__user_format_extender
                0x0000000020000964        0x4 C:/Program Files/SEGGER/SEGGER Embedded Studio for ARM 3.40/lib/libc_v7em_fpv4_sp_d16_hard_t_le_eabi.a(libc2.o)
                0x0000000020000964                __user_format_extender
 *(COMMON)
                0x0000000020000968                __bss_end__ = (__bss_start__ + SIZEOF (.bss))
                0x00000000000008a8                __bss_size__ = SIZEOF (.bss)
                0x0000000020000968                __bss_load_end__ = __bss_end__
                0x0000000000000001                . = ASSERT (((__bss_start__ == __bss_end__) || ((__bss_end__ >= __RAM_segment_start__) && (__bss_end__ <= __RAM_segment_end__))), error: .bss is too large to fit in RAM memory segment)
                0x0000000020000968                __tbss_load_start__ = ALIGN (__bss_end__, 0x4)

.tbss           0x0000000020000968        0x0
                0x0000000020000968                __tbss_start__ = .
 *(.tbss .tbss.*)
                0x0000000020000968                __tbss_end__ = (__tbss_start__ + SIZEOF (.tbss))
                0x0000000000000000                __tbss_size__ = SIZEOF (.tbss)
                0x0000000020000968                __tbss_load_end__ = __tbss_end__
                0x0000000000000001                . = ASSERT (((__tbss_start__ == __tbss_end__) || ((__tbss_end__ >= __RAM_segment_start__) && (__tbss_end__ <= __RAM_segment_end__))), error: .tbss is too large to fit in RAM memory segment)
                0x0000000020000968                __non_init_load_start__ = ALIGN (__tbss_end__, 0x4)

.non_init       0x0000000020000968        0x0
                0x0000000020000968                __non_init_start__ = .
 *(.non_init .non_init.*)
                0x0000000020000968                __non_init_end__ = (__non_init_start__ + SIZEOF (.non_init))
                0x0000000000000000                __non_init_size__ = SIZEOF (.non_init)
                0x0000000020000968                __non_init_load_end__ = __non_init_end__
                0x0000000000000001                . = ASSERT (((__non_init_start__ == __non_init_end__) || ((__non_init_end__ >= __RAM_segment_start__) && (__non_init_end__ <= __RAM_segment_end__))), error: .non_init is too large to fit in RAM memory segment)
                0x0000000020000968                __heap_load_start__ = ALIGN (__non_init_end__, 0x4)

.heap           0x0000000020000968      0x200
                0x0000000020000968                __heap_start__ = .
 *(.heap .heap.*)
                0x0000000020000b68                . = ALIGN (MAX ((__heap_start__ + __HEAPSIZE__), .), 0x4)
 *fill*         0x0000000020000968      0x200 
                0x0000000020000b68                __heap_end__ = (__heap_start__ + SIZEOF (.heap))
                0x0000000000000200                __heap_size__ = SIZEOF (.heap)
                0x0000000020000b68                __heap_load_end__ = __heap_end__
                0x0000000000000001                . = ASSERT (((__heap_start__ == __heap_end__) || ((__heap_end__ >= __RAM_segment_start__) && (__heap_end__ <= __RAM_segment_end__))), error: .heap is too large to fit in RAM memory segment)
                0x000000002000f800                __stack_load_start__ = (__RAM_segment_end__ - 0x800)

.stack          0x000000002000f800      0x800
                0x000000002000f800                __stack_start__ = .
                0x000000002000f800                __StackLimit = __stack_start__
 *(.stack .stack.*)
                0x0000000020010000                . = ALIGN (MAX ((__stack_start__ + __STACKSIZE__), .), 0x8)
 *fill*         0x000000002000f800      0x800 
                0x0000000020010000                __stack_end__ = (__stack_start__ + SIZEOF (.stack))
                0x0000000000000800                __stack_size__ = SIZEOF (.stack)
                0x0000000020010000                __StackTop = __stack_end__
                0x0000000020010000                __stack_load_end__ = __stack_end__
                0x0000000000000001                . = ASSERT (((__stack_start__ == __stack_end__) || ((__stack_end__ >= __RAM_segment_start__) && (__stack_end__ <= __RAM_segment_end__))), error: .stack is too large to fit in RAM memory segment)
                0x0000000000000001                . = ASSERT ((__heap_end__ <= __stack_start__), error: section .heap overlaps absolute placed section .stack)
                0x0000000020010000                __stack_process_load_start__ = ALIGN (__stack_end__, 0x8)

.stack_process  0x0000000020010000        0x0
                0x0000000020010000                __stack_process_start__ = .
 *(.stack_process .stack_process.*)
                0x0000000020010000                . = ALIGN (MAX ((__stack_process_start__ + __STACKSIZE_PROCESS__), .), 0x8)
                0x0000000020010000                __stack_process_end__ = (__stack_process_start__ + SIZEOF (.stack_process))
                0x0000000000000000                __stack_process_size__ = SIZEOF (.stack_process)
                0x0000000020010000                __stack_process_load_end__ = __stack_process_end__
                0x0000000020010000                __RAM_segment_used_end__ = (ALIGN (__stack_end__, 0x8) + SIZEOF (.stack_process))
                0x0000000000010000                __RAM_segment_used_size__ = (__RAM_segment_used_end__ - __RAM_segment_start__)
                0x0000000000000001                . = ASSERT (((__stack_process_start__ == __stack_process_end__) || ((__stack_process_end__ >= __RAM_segment_start__) && (__stack_process_end__ <= __RAM_segment_end__))), error: .stack_process is too large to fit in RAM memory segment)
START GROUP
LOAD Output/gfx_pca10040 Debug/Obj/thumb_crt0.o
LOAD Output/gfx_pca10040 Debug/Obj/st7789.o
LOAD Output/gfx_pca10040 Debug/Obj/ili9341.o
LOAD Output/gfx_pca10040 Debug/Obj/nrf_log_backend_rtt.o
LOAD Output/gfx_pca10040 Debug/Obj/nrf_log_backend_serial.o
LOAD Output/gfx_pca10040 Debug/Obj/nrf_log_backend_uart.o
LOAD Output/gfx_pca10040 Debug/Obj/nrf_log_default_backends.o
LOAD Output/gfx_pca10040 Debug/Obj/nrf_log_frontend.o
LOAD Output/gfx_pca10040 Debug/Obj/nrf_log_str_formatter.o
LOAD Output/gfx_pca10040 Debug/Obj/boards.o
LOAD Output/gfx_pca10040 Debug/Obj/app_error.o
LOAD Output/gfx_pca10040 Debug/Obj/app_error_weak.o
LOAD Output/gfx_pca10040 Debug/Obj/app_util_platform.o
LOAD Output/gfx_pca10040 Debug/Obj/nrf_assert.o
LOAD Output/gfx_pca10040 Debug/Obj/nrf_balloc.o
LOAD Output/gfx_pca10040 Debug/Obj/nrf_fprintf.o
LOAD Output/gfx_pca10040 Debug/Obj/nrf_fprintf_format.o
LOAD Output/gfx_pca10040 Debug/Obj/nrf_gfx.o
LOAD Output/gfx_pca10040 Debug/Obj/nrf_memobj.o
LOAD Output/gfx_pca10040 Debug/Obj/nrf_strerror.o
LOAD Output/gfx_pca10040 Debug/Obj/nrf_drv_clock.o
LOAD Output/gfx_pca10040 Debug/Obj/nrf_drv_common.o
LOAD Output/gfx_pca10040 Debug/Obj/nrf_drv_spi.o
LOAD Output/gfx_pca10040 Debug/Obj/nrf_drv_uart.o
LOAD Output/gfx_pca10040 Debug/Obj/nrf_nvic.o
LOAD Output/gfx_pca10040 Debug/Obj/nrf_soc.o
LOAD Output/gfx_pca10040 Debug/Obj/nrf_drv_timer.o
LOAD Output/gfx_pca10040 Debug/Obj/nrf_drv_gpiote.o
LOAD Output/gfx_pca10040 Debug/Obj/orkney24pts.o
LOAD Output/gfx_pca10040 Debug/Obj/orkney8pts.o
LOAD Output/gfx_pca10040 Debug/Obj/main.o
LOAD Output/gfx_pca10040 Debug/Obj/SEGGER_RTT.o
LOAD Output/gfx_pca10040 Debug/Obj/SEGGER_RTT_Syscalls_SES.o
LOAD Output/gfx_pca10040 Debug/Obj/SEGGER_RTT_printf.o
LOAD Output/gfx_pca10040 Debug/Obj/ses_nRF_Startup.o
LOAD Output/gfx_pca10040 Debug/Obj/ses_nrf52_Vectors.o
LOAD Output/gfx_pca10040 Debug/Obj/system_nrf52.o
LOAD Output/gfx_pca10040 Debug/Obj/arial_bold_12pt.o
LOAD Output/gfx_pca10040 Debug/Obj/arial_bold_72pt.o
LOAD Output/gfx_pca10040 Debug/Obj/arial_bold_14pt.o
LOAD Output/gfx_pca10040 Debug/Obj/arial_bold_24pt.o
LOAD Output/gfx_pca10040 Debug/Obj/arial_24pt.o
LOAD Output/gfx_pca10040 Debug/Obj/arial_72pt.o
LOAD Output/gfx_pca10040 Debug/Obj/arial_bold_8pt.o
LOAD Output/gfx_pca10040 Debug/Obj/arial_bold_36pt.o
LOAD Output/gfx_pca10040 Debug/Obj/arial_bold_52pt.o
LOAD Output/gfx_pca10040 Debug/Obj/arial_bold_48pt.o
LOAD Output/gfx_pca10040 Debug/Obj/arial_bold_42pt.o
LOAD Output/gfx_pca10040 Debug/Obj/arial_42pt.o
LOAD Output/gfx_pca10040 Debug/Obj/yuGothic_42pt.o
LOAD Output/gfx_pca10040 Debug/Obj/yuGothic_numeric_42pt.o
LOAD Output/gfx_pca10040 Debug/Obj/arial_bold_28pt.o
LOAD Output/gfx_pca10040 Debug/Obj/arial_bold_18pt.o
LOAD Output/gfx_pca10040 Debug/Obj/arial_bold_32pt.o
LOAD Output/gfx_pca10040 Debug/Obj/arial_bold_22pt.o
LOAD Output/gfx_pca10040 Debug/Obj/arial_bold_20pt.o
LOAD Output/gfx_pca10040 Debug/Obj/spi_master_fast.o
LOAD Output/gfx_pca10040 Debug/Obj/st7735.o
LOAD C:/Program Files/SEGGER/SEGGER Embedded Studio for ARM 3.40/lib/libdebugio_mempoll_v7em_fpv4_sp_d16_hard_t_le_eabi.a
LOAD C:/Program Files/SEGGER/SEGGER Embedded Studio for ARM 3.40/lib/libm_v7em_fpv4_sp_d16_hard_t_le_eabi.a
LOAD C:/Program Files/SEGGER/SEGGER Embedded Studio for ARM 3.40/lib/libc_v7em_fpv4_sp_d16_hard_t_le_eabi.a
LOAD C:/Program Files/SEGGER/SEGGER Embedded Studio for ARM 3.40/lib/libcpp_v7em_fpv4_sp_d16_hard_t_le_eabi.a
LOAD C:/Program Files/SEGGER/SEGGER Embedded Studio for ARM 3.40/lib/libdebugio_v7em_fpv4_sp_d16_hard_t_le_eabi.a
LOAD C:/Program Files/SEGGER/SEGGER Embedded Studio for ARM 3.40/lib/libvfprintf_v7em_fpv4_sp_d16_hard_t_le_eabi.o
LOAD C:/Program Files/SEGGER/SEGGER Embedded Studio for ARM 3.40/lib/libvfscanf_v7em_fpv4_sp_d16_hard_t_le_eabi.o
END GROUP
OUTPUT(Output/Debug/Exe/gfx_pca10040.elf elf32-littlearm)

.ARM.attributes
                0x0000000000000000       0x35
 .ARM.attributes
                0x0000000000000000       0x25 Output/gfx_pca10040 Debug/Obj/thumb_crt0.o
 .ARM.attributes
                0x0000000000000025       0x39 Output/gfx_pca10040 Debug/Obj/st7789.o
 .ARM.attributes
                0x000000000000005e       0x39 Output/gfx_pca10040 Debug/Obj/nrf_log_default_backends.o
 .ARM.attributes
                0x0000000000000097       0x39 Output/gfx_pca10040 Debug/Obj/nrf_log_frontend.o
 .ARM.attributes
                0x00000000000000d0       0x39 Output/gfx_pca10040 Debug/Obj/app_error.o
 .ARM.attributes
                0x0000000000000109       0x39 Output/gfx_pca10040 Debug/Obj/app_error_weak.o
 .ARM.attributes
                0x0000000000000142       0x39 Output/gfx_pca10040 Debug/Obj/app_util_platform.o
 .ARM.attributes
                0x000000000000017b       0x39 Output/gfx_pca10040 Debug/Obj/nrf_assert.o
 .ARM.attributes
                0x00000000000001b4       0x39 Output/gfx_pca10040 Debug/Obj/nrf_balloc.o
 .ARM.attributes
                0x00000000000001ed       0x39 Output/gfx_pca10040 Debug/Obj/nrf_gfx.o
 .ARM.attributes
                0x0000000000000226       0x39 Output/gfx_pca10040 Debug/Obj/nrf_memobj.o
 .ARM.attributes
                0x000000000000025f       0x39 Output/gfx_pca10040 Debug/Obj/nrf_strerror.o
 .ARM.attributes
                0x0000000000000298       0x39 Output/gfx_pca10040 Debug/Obj/nrf_drv_clock.o
 .ARM.attributes
                0x00000000000002d1       0x39 Output/gfx_pca10040 Debug/Obj/nrf_drv_common.o
 .ARM.attributes
                0x000000000000030a       0x39 Output/gfx_pca10040 Debug/Obj/nrf_drv_spi.o
 .ARM.attributes
                0x0000000000000343       0x39 Output/gfx_pca10040 Debug/Obj/nrf_drv_uart.o
 .ARM.attributes
                0x000000000000037c       0x39 Output/gfx_pca10040 Debug/Obj/nrf_drv_timer.o
 .ARM.attributes
                0x00000000000003b5       0x39 Output/gfx_pca10040 Debug/Obj/nrf_drv_gpiote.o
 .ARM.attributes
                0x00000000000003ee       0x39 Output/gfx_pca10040 Debug/Obj/main.o
 .ARM.attributes
                0x0000000000000427       0x39 Output/gfx_pca10040 Debug/Obj/SEGGER_RTT.o
 .ARM.attributes
                0x0000000000000460       0x39 Output/gfx_pca10040 Debug/Obj/SEGGER_RTT_Syscalls_SES.o
 .ARM.attributes